The target system is: Generic -  - 
The host system is: Darwin - 25.5.0 - x86_64
Compiling the C compiler identification source file "CMakeCCompilerId.c" succeeded.
Compiler: /Users/ryanperkowski/.platformio/packages/toolchain-xtensa-esp-elf/bin/xtensa-esp32s3-elf-gcc 
Build flags: -mlongcalls;;-fno-builtin-memcpy;-fno-builtin-memset;-fno-builtin-bzero;-fno-builtin-stpcpy;-fno-builtin-strncpy
Id flags:  

The output was:
0


Compilation of the C compiler identification source "CMakeCCompilerId.c" produced "a.out"

The C compiler identification is GNU, found in "/Users/ryanperkowski/Documents/PlatformIO/Projects/HydroponicMonitor/.pio/build/esp32-s3-devkitm-1/CMakeFiles/3.16.4/CompilerIdC/a.out"

Compiling the CXX compiler identification source file "CMakeCXXCompilerId.cpp" succeeded.
Compiler: /Users/ryanperkowski/.platformio/packages/toolchain-xtensa-esp-elf/bin/xtensa-esp32s3-elf-g++ 
Build flags: -mlongcalls;;-fno-builtin-memcpy;-fno-builtin-memset;-fno-builtin-bzero;-fno-builtin-stpcpy;-fno-builtin-strncpy
Id flags:  

The output was:
0


Compilation of the CXX compiler identification source "CMakeCXXCompilerId.cpp" produced "a.out"

The CXX compiler identification is GNU, found in "/Users/ryanperkowski/Documents/PlatformIO/Projects/HydroponicMonitor/.pio/build/esp32-s3-devkitm-1/CMakeFiles/3.16.4/CompilerIdCXX/a.out"

Checking whether the ASM compiler is GNU using "--version" matched "(GNU assembler)|(GCC)|(Free Software Foundation)":
xtensa-esp-elf-gcc (crosstool-NG esp-13.2.0_20240530) 13.2.0
Copyright (C) 2023 Free Software Foundation, Inc.
This is free software; see the source for copying conditions.  There is NO
warranty; not even for MERCHANTABILITY or FITNESS FOR A PARTICULAR PURPOSE.

Determining if the C compiler works passed with the following output:
Change Dir: /Users/ryanperkowski/Documents/PlatformIO/Projects/HydroponicMonitor/.pio/build/esp32-s3-devkitm-1/CMakeFiles/CMakeTmp

Run Build Command(s):/Users/ryanperkowski/.platformio/packages/tool-ninja/ninja cmTC_aa051 && [1/2] Building C object CMakeFiles/cmTC_aa051.dir/testCCompiler.c.obj
[2/2] Linking C executable cmTC_aa051



Detecting C compiler ABI info compiled with the following output:
Change Dir: /Users/ryanperkowski/Documents/PlatformIO/Projects/HydroponicMonitor/.pio/build/esp32-s3-devkitm-1/CMakeFiles/CMakeTmp

Run Build Command(s):/Users/ryanperkowski/.platformio/packages/tool-ninja/ninja cmTC_063e8 && [1/2] Building C object CMakeFiles/cmTC_063e8.dir/CMakeCCompilerABI.c.obj
Using built-in specs.
COLLECT_GCC=/Users/ryanperkowski/.platformio/packages/toolchain-xtensa-esp-elf/bin/xtensa-esp-elf-gcc
Target: xtensa-esp-elf
Configured with: /Users/brnomac003/.gitlab-runner/builds/qR2TxTby/0/idf/crosstool-NG/.build/xtensa-esp-elf/src/gcc/configure --build=aarch64-build_apple-darwin21.4.0 --host=aarch64-build_apple-darwin21.4.0 --target=xtensa-esp-elf --prefix=/Users/brnomac003/.gitlab-runner/builds/qR2TxTby/0/idf/crosstool-NG/builds/xtensa-esp-elf --exec_prefix=/Users/brnomac003/.gitlab-runner/builds/qR2TxTby/0/idf/crosstool-NG/builds/xtensa-esp-elf --with-local-prefix=/Users/brnomac003/.gitlab-runner/builds/qR2TxTby/0/idf/crosstool-NG/builds/xtensa-esp-elf/xtensa-esp-elf --with-sysroot=/Users/brnomac003/.gitlab-runner/builds/qR2TxTby/0/idf/crosstool-NG/builds/xtensa-esp-elf/xtensa-esp-elf --with-native-system-header-dir=/include --with-newlib --enable-threads=no --disable-shared --with-pkgversion='crosstool-NG esp-13.2.0_20240530' --disable-__cxa_atexit --enable-cxx-flags=-ffunction-sections --disable-libgomp --disable-libmudflap --disable-libmpx --disable-libssp --disable-libquadmath --disable-libquadmath-support --disable-libstdcxx-verbose --with-gmp=/Users/brnomac003/.gitlab-runner/builds/qR2TxTby/0/idf/crosstool-NG/.build/xtensa-esp-elf/buildtools --with-mpfr=/Users/brnomac003/.gitlab-runner/builds/qR2TxTby/0/idf/crosstool-NG/.build/xtensa-esp-elf/buildtools --with-mpc=/Users/brnomac003/.gitlab-runner/builds/qR2TxTby/0/idf/crosstool-NG/.build/xtensa-esp-elf/buildtools --with-isl=/Users/brnomac003/.gitlab-runner/builds/qR2TxTby/0/idf/crosstool-NG/.build/xtensa-esp-elf/buildtools --enable-lto --enable-target-optspace --without-long-double-128 --disable-nls --enable-multiarch --enable-languages=c,c++ --disable-libstdcxx-verbose --enable-threads=posix --enable-gcov-custom-rtio --enable-libstdcxx-time=yes
Thread model: posix
Supported LTO compression algorithms: zlib zstd
gcc version 13.2.0 (crosstool-NG esp-13.2.0_20240530) 
COLLECT_GCC_OPTIONS='-mdynconfig=xtensa_esp32s3.so' '-mlongcalls' '-fno-builtin-memcpy' '-fno-builtin-memset' '-fno-builtin-bzero' '-fno-builtin-stpcpy' '-fno-builtin-strncpy' '-v' '-o' 'CMakeFiles/cmTC_063e8.dir/CMakeCCompilerABI.c.obj' '-c' '-dumpdir' 'CMakeFiles/cmTC_063e8.dir/'
 /Users/ryanperkowski/.platformio/packages/toolchain-xtensa-esp-elf/bin/../libexec/gcc/xtensa-esp-elf/13.2.0/cc1 -quiet -v -imultilib esp32s3 -iprefix /Users/ryanperkowski/.platformio/packages/toolchain-xtensa-esp-elf/bin/../lib/gcc/xtensa-esp-elf/13.2.0/ -isysroot /Users/ryanperkowski/.platformio/packages/toolchain-xtensa-esp-elf/bin/../xtensa-esp-elf /Users/ryanperkowski/.platformio/packages/tool-cmake/share/cmake-3.16/Modules/CMakeCCompilerABI.c -quiet -dumpdir CMakeFiles/cmTC_063e8.dir/ -dumpbase CMakeCCompilerABI.c.c -dumpbase-ext .c -mdynconfig=xtensa_esp32s3.so -mlongcalls -version -fno-builtin-memcpy -fno-builtin-memset -fno-builtin-bzero -fno-builtin-stpcpy -fno-builtin-strncpy -o /var/folders/wn/nbx45m_57lx8rd3k7hj7jj040000gn/T//ccuQ4lEC.s
GNU C17 (crosstool-NG esp-13.2.0_20240530) version 13.2.0 (xtensa-esp-elf)
	compiled by GNU C version Apple LLVM 13.0.0 (clang-1300.0.27.3), GMP version 6.2.1, MPFR version 4.2.1, MPC version 1.2.1, isl version isl-0.26-GMP

GGC heuristics: --param ggc-min-expand=100 --param ggc-min-heapsize=131072
ignoring duplicate directory "/Users/ryanperkowski/.platformio/packages/toolchain-xtensa-esp-elf/bin/../lib/gcc/../../lib/gcc/xtensa-esp-elf/13.2.0/include"
ignoring nonexistent directory "/Users/ryanperkowski/.platformio/packages/toolchain-xtensa-esp-elf/bin/../xtensa-esp-elf/Users/brnomac003/.gitlab-runner/builds/qR2TxTby/0/idf/crosstool-NG/builds/xtensa-esp-elf/xtensa-esp-elf/include"
ignoring duplicate directory "/Users/ryanperkowski/.platformio/packages/toolchain-xtensa-esp-elf/bin/../lib/gcc/../../lib/gcc/xtensa-esp-elf/13.2.0/include-fixed"
ignoring duplicate directory "/Users/ryanperkowski/.platformio/packages/toolchain-xtensa-esp-elf/bin/../lib/gcc/../../lib/gcc/xtensa-esp-elf/13.2.0/../../../../xtensa-esp-elf/include"
ignoring duplicate directory "/Users/ryanperkowski/.platformio/packages/toolchain-xtensa-esp-elf/bin/../xtensa-esp-elf/include"
#include "..." search starts here:
#include <...> search starts here:
 /Users/ryanperkowski/.platformio/packages/toolchain-xtensa-esp-elf/bin/../lib/gcc/xtensa-esp-elf/13.2.0/include
 /Users/ryanperkowski/.platformio/packages/toolchain-xtensa-esp-elf/bin/../lib/gcc/xtensa-esp-elf/13.2.0/include-fixed
 /Users/ryanperkowski/.platformio/packages/toolchain-xtensa-esp-elf/bin/../lib/gcc/xtensa-esp-elf/13.2.0/../../../../xtensa-esp-elf/include
End of search list.
Compiler executable checksum: cd92dc247db319dcac4122073faca0c1
COLLECT_GCC_OPTIONS='-mdynconfig=xtensa_esp32s3.so' '-mlongcalls' '-fno-builtin-memcpy' '-fno-builtin-memset' '-fno-builtin-bzero' '-fno-builtin-stpcpy' '-fno-builtin-strncpy' '-v' '-o' 'CMakeFiles/cmTC_063e8.dir/CMakeCCompilerABI.c.obj' '-c' '-dumpdir' 'CMakeFiles/cmTC_063e8.dir/'
 /Users/ryanperkowski/.platformio/packages/toolchain-xtensa-esp-elf/bin/../lib/gcc/xtensa-esp-elf/13.2.0/../../../../xtensa-esp-elf/bin/as --traditional-format --longcalls --dynconfig=xtensa_esp32s3.so -o CMakeFiles/cmTC_063e8.dir/CMakeCCompilerABI.c.obj /var/folders/wn/nbx45m_57lx8rd3k7hj7jj040000gn/T//ccuQ4lEC.s
COMPILER_PATH=/Users/ryanperkowski/.platformio/packages/toolchain-xtensa-esp-elf/bin/../libexec/gcc/xtensa-esp-elf/13.2.0/:/Users/ryanperkowski/.platformio/packages/toolchain-xtensa-esp-elf/bin/../libexec/gcc/:/Users/ryanperkowski/.platformio/packages/toolchain-xtensa-esp-elf/bin/../lib/gcc/xtensa-esp-elf/13.2.0/../../../../xtensa-esp-elf/bin/
LIBRARY_PATH=/Users/ryanperkowski/.platformio/packages/toolchain-xtensa-esp-elf/bin/../lib/gcc/xtensa-esp-elf/13.2.0/esp32s3/:/Users/ryanperkowski/.platformio/packages/toolchain-xtensa-esp-elf/bin/../lib/gcc/xtensa-esp-elf/13.2.0/../../../../xtensa-esp-elf/lib/esp32s3/:/Users/ryanperkowski/.platformio/packages/toolchain-xtensa-esp-elf/bin/../xtensa-esp-elf/lib/esp32s3/:/Users/ryanperkowski/.platformio/packages/toolchain-xtensa-esp-elf/bin/../lib/gcc/xtensa-esp-elf/13.2.0/:/Users/ryanperkowski/.platformio/packages/toolchain-xtensa-esp-elf/bin/../lib/gcc/:/Users/ryanperkowski/.platformio/packages/toolchain-xtensa-esp-elf/bin/../lib/gcc/xtensa-esp-elf/13.2.0/../../../../xtensa-esp-elf/lib/:/Users/ryanperkowski/.platformio/packages/toolchain-xtensa-esp-elf/bin/../xtensa-esp-elf/lib/
COLLECT_GCC_OPTIONS='-mdynconfig=xtensa_esp32s3.so' '-mlongcalls' '-fno-builtin-memcpy' '-fno-builtin-memset' '-fno-builtin-bzero' '-fno-builtin-stpcpy' '-fno-builtin-strncpy' '-v' '-o' 'CMakeFiles/cmTC_063e8.dir/CMakeCCompilerABI.c.obj' '-c' '-dumpdir' 'CMakeFiles/cmTC_063e8.dir/CMakeCCompilerABI.c.'
[2/2] Linking C executable cmTC_063e8
Using built-in specs.
COLLECT_GCC=/Users/ryanperkowski/.platformio/packages/toolchain-xtensa-esp-elf/bin/xtensa-esp-elf-gcc
COLLECT_LTO_WRAPPER=/Users/ryanperkowski/.platformio/packages/toolchain-xtensa-esp-elf/bin/../libexec/gcc/xtensa-esp-elf/13.2.0/lto-wrapper
Target: xtensa-esp-elf
Configured with: /Users/brnomac003/.gitlab-runner/builds/qR2TxTby/0/idf/crosstool-NG/.build/xtensa-esp-elf/src/gcc/configure --build=aarch64-build_apple-darwin21.4.0 --host=aarch64-build_apple-darwin21.4.0 --target=xtensa-esp-elf --prefix=/Users/brnomac003/.gitlab-runner/builds/qR2TxTby/0/idf/crosstool-NG/builds/xtensa-esp-elf --exec_prefix=/Users/brnomac003/.gitlab-runner/builds/qR2TxTby/0/idf/crosstool-NG/builds/xtensa-esp-elf --with-local-prefix=/Users/brnomac003/.gitlab-runner/builds/qR2TxTby/0/idf/crosstool-NG/builds/xtensa-esp-elf/xtensa-esp-elf --with-sysroot=/Users/brnomac003/.gitlab-runner/builds/qR2TxTby/0/idf/crosstool-NG/builds/xtensa-esp-elf/xtensa-esp-elf --with-native-system-header-dir=/include --with-newlib --enable-threads=no --disable-shared --with-pkgversion='crosstool-NG esp-13.2.0_20240530' --disable-__cxa_atexit --enable-cxx-flags=-ffunction-sections --disable-libgomp --disable-libmudflap --disable-libmpx --disable-libssp --disable-libquadmath --disable-libquadmath-support --disable-libstdcxx-verbose --with-gmp=/Users/brnomac003/.gitlab-runner/builds/qR2TxTby/0/idf/crosstool-NG/.build/xtensa-esp-elf/buildtools --with-mpfr=/Users/brnomac003/.gitlab-runner/builds/qR2TxTby/0/idf/crosstool-NG/.build/xtensa-esp-elf/buildtools --with-mpc=/Users/brnomac003/.gitlab-runner/builds/qR2TxTby/0/idf/crosstool-NG/.build/xtensa-esp-elf/buildtools --with-isl=/Users/brnomac003/.gitlab-runner/builds/qR2TxTby/0/idf/crosstool-NG/.build/xtensa-esp-elf/buildtools --enable-lto --enable-target-optspace --without-long-double-128 --disable-nls --enable-multiarch --enable-languages=c,c++ --disable-libstdcxx-verbose --enable-threads=posix --enable-gcov-custom-rtio --enable-libstdcxx-time=yes
Thread model: posix
Supported LTO compression algorithms: zlib zstd
gcc version 13.2.0 (crosstool-NG esp-13.2.0_20240530) 
COMPILER_PATH=/Users/ryanperkowski/.platformio/packages/toolchain-xtensa-esp-elf/bin/../libexec/gcc/xtensa-esp-elf/13.2.0/:/Users/ryanperkowski/.platformio/packages/toolchain-xtensa-esp-elf/bin/../libexec/gcc/:/Users/ryanperkowski/.platformio/packages/toolchain-xtensa-esp-elf/bin/../lib/gcc/xtensa-esp-elf/13.2.0/../../../../xtensa-esp-elf/bin/
LIBRARY_PATH=/Users/ryanperkowski/.platformio/packages/toolchain-xtensa-esp-elf/bin/../lib/gcc/xtensa-esp-elf/13.2.0/esp32s3/:/Users/ryanperkowski/.platformio/packages/toolchain-xtensa-esp-elf/bin/../lib/gcc/xtensa-esp-elf/13.2.0/../../../../xtensa-esp-elf/lib/esp32s3/:/Users/ryanperkowski/.platformio/packages/toolchain-xtensa-esp-elf/bin/../xtensa-esp-elf/lib/esp32s3/:/Users/ryanperkowski/.platformio/packages/toolchain-xtensa-esp-elf/bin/../lib/gcc/xtensa-esp-elf/13.2.0/:/Users/ryanperkowski/.platformio/packages/toolchain-xtensa-esp-elf/bin/../lib/gcc/:/Users/ryanperkowski/.platformio/packages/toolchain-xtensa-esp-elf/bin/../lib/gcc/xtensa-esp-elf/13.2.0/../../../../xtensa-esp-elf/lib/:/Users/ryanperkowski/.platformio/packages/toolchain-xtensa-esp-elf/bin/../xtensa-esp-elf/lib/
COLLECT_GCC_OPTIONS='-mdynconfig=xtensa_esp32s3.so' '-mlongcalls' '-fno-builtin-memcpy' '-fno-builtin-memset' '-fno-builtin-bzero' '-fno-builtin-stpcpy' '-fno-builtin-strncpy' '-v' '-o' 'cmTC_063e8' '-dumpdir' 'cmTC_063e8.'
 /Users/ryanperkowski/.platformio/packages/toolchain-xtensa-esp-elf/bin/../libexec/gcc/xtensa-esp-elf/13.2.0/collect2 -plugin /Users/ryanperkowski/.platformio/packages/toolchain-xtensa-esp-elf/bin/../libexec/gcc/xtensa-esp-elf/13.2.0/liblto_plugin.so -plugin-opt=/Users/ryanperkowski/.platformio/packages/toolchain-xtensa-esp-elf/bin/../libexec/gcc/xtensa-esp-elf/13.2.0/lto-wrapper -plugin-opt=-fresolution=/var/folders/wn/nbx45m_57lx8rd3k7hj7jj040000gn/T//ccncMor5.res -plugin-opt=-pass-through=-lgcc -plugin-opt=-pass-through=-lc -plugin-opt=-pass-through=-lnosys -plugin-opt=-pass-through=-lc -plugin-opt=-pass-through=-lgcc --sysroot=/Users/ryanperkowski/.platformio/packages/toolchain-xtensa-esp-elf/bin/../xtensa-esp-elf --dynconfig=xtensa_esp32s3.so -o cmTC_063e8 /Users/ryanperkowski/.platformio/packages/toolchain-xtensa-esp-elf/bin/../lib/gcc/xtensa-esp-elf/13.2.0/../../../../xtensa-esp-elf/lib/esp32s3/crt0.o /Users/ryanperkowski/.platformio/packages/toolchain-xtensa-esp-elf/bin/../lib/gcc/xtensa-esp-elf/13.2.0/esp32s3/crti.o /Users/ryanperkowski/.platformio/packages/toolchain-xtensa-esp-elf/bin/../lib/gcc/xtensa-esp-elf/13.2.0/esp32s3/crtbegin.o -L/Users/ryanperkowski/.platformio/packages/toolchain-xtensa-esp-elf/bin/../lib/gcc/xtensa-esp-elf/13.2.0/esp32s3 -L/Users/ryanperkowski/.platformio/packages/toolchain-xtensa-esp-elf/bin/../lib/gcc/xtensa-esp-elf/13.2.0/../../../../xtensa-esp-elf/lib/esp32s3 -L/Users/ryanperkowski/.platformio/packages/toolchain-xtensa-esp-elf/bin/../xtensa-esp-elf/lib/esp32s3 -L/Users/ryanperkowski/.platformio/packages/toolchain-xtensa-esp-elf/bin/../lib/gcc/xtensa-esp-elf/13.2.0 -L/Users/ryanperkowski/.platformio/packages/toolchain-xtensa-esp-elf/bin/../lib/gcc -L/Users/ryanperkowski/.platformio/packages/toolchain-xtensa-esp-elf/bin/../lib/gcc/xtensa-esp-elf/13.2.0/../../../../xtensa-esp-elf/lib -L/Users/ryanperkowski/.platformio/packages/toolchain-xtensa-esp-elf/bin/../xtensa-esp-elf/lib CMakeFiles/cmTC_063e8.dir/CMakeCCompilerABI.c.obj -lgcc -lc -lnosys -lc -lgcc /Users/ryanperkowski/.platformio/packages/toolchain-xtensa-esp-elf/bin/../lib/gcc/xtensa-esp-elf/13.2.0/esp32s3/crtend.o /Users/ryanperkowski/.platformio/packages/toolchain-xtensa-esp-elf/bin/../lib/gcc/xtensa-esp-elf/13.2.0/esp32s3/crtn.o
COLLECT_GCC_OPTIONS='-mdynconfig=xtensa_esp32s3.so' '-mlongcalls' '-fno-builtin-memcpy' '-fno-builtin-memset' '-fno-builtin-bzero' '-fno-builtin-stpcpy' '-fno-builtin-strncpy' '-v' '-o' 'cmTC_063e8' '-dumpdir' 'cmTC_063e8.'



Parsed C implicit include dir info from above output: rv=done
  found start of include info
  found start of implicit include info
    add: [/Users/ryanperkowski/.platformio/packages/toolchain-xtensa-esp-elf/bin/../lib/gcc/xtensa-esp-elf/13.2.0/include]
    add: [/Users/ryanperkowski/.platformio/packages/toolchain-xtensa-esp-elf/bin/../lib/gcc/xtensa-esp-elf/13.2.0/include-fixed]
    add: [/Users/ryanperkowski/.platformio/packages/toolchain-xtensa-esp-elf/bin/../lib/gcc/xtensa-esp-elf/13.2.0/../../../../xtensa-esp-elf/include]
  end of search list found
  collapse include dir [/Users/ryanperkowski/.platformio/packages/toolchain-xtensa-esp-elf/bin/../lib/gcc/xtensa-esp-elf/13.2.0/include] ==> [/Users/ryanperkowski/.platformio/packages/toolchain-xtensa-esp-elf/lib/gcc/xtensa-esp-elf/13.2.0/include]
  collapse include dir [/Users/ryanperkowski/.platformio/packages/toolchain-xtensa-esp-elf/bin/../lib/gcc/xtensa-esp-elf/13.2.0/include-fixed] ==> [/Users/ryanperkowski/.platformio/packages/toolchain-xtensa-esp-elf/lib/gcc/xtensa-esp-elf/13.2.0/include-fixed]
  collapse include dir [/Users/ryanperkowski/.platformio/packages/toolchain-xtensa-esp-elf/bin/../lib/gcc/xtensa-esp-elf/13.2.0/../../../../xtensa-esp-elf/include] ==> [/Users/ryanperkowski/.platformio/packages/toolchain-xtensa-esp-elf/xtensa-esp-elf/include]
  implicit include dirs: [/Users/ryanperkowski/.platformio/packages/toolchain-xtensa-esp-elf/lib/gcc/xtensa-esp-elf/13.2.0/include;/Users/ryanperkowski/.platformio/packages/toolchain-xtensa-esp-elf/lib/gcc/xtensa-esp-elf/13.2.0/include-fixed;/Users/ryanperkowski/.platformio/packages/toolchain-xtensa-esp-elf/xtensa-esp-elf/include]


Parsed C implicit link information from above output:
  link line regex: [^( *|.*[/\])(xtensa-esp32s3-elf-ld|CMAKE_LINK_STARTFILE-NOTFOUND|([^/\]+-)?ld|collect2)[^/\]*( |$)]
  ignore line: [Change Dir: /Users/ryanperkowski/Documents/PlatformIO/Projects/HydroponicMonitor/.pio/build/esp32-s3-devkitm-1/CMakeFiles/CMakeTmp]
  ignore line: []
  ignore line: [Run Build Command(s):/Users/ryanperkowski/.platformio/packages/tool-ninja/ninja cmTC_063e8 && [1/2] Building C object CMakeFiles/cmTC_063e8.dir/CMakeCCompilerABI.c.obj]
  ignore line: [Using built-in specs.]
  ignore line: [COLLECT_GCC=/Users/ryanperkowski/.platformio/packages/toolchain-xtensa-esp-elf/bin/xtensa-esp-elf-gcc]
  ignore line: [Target: xtensa-esp-elf]
  ignore line: [Configured with: /Users/brnomac003/.gitlab-runner/builds/qR2TxTby/0/idf/crosstool-NG/.build/xtensa-esp-elf/src/gcc/configure --build=aarch64-build_apple-darwin21.4.0 --host=aarch64-build_apple-darwin21.4.0 --target=xtensa-esp-elf --prefix=/Users/brnomac003/.gitlab-runner/builds/qR2TxTby/0/idf/crosstool-NG/builds/xtensa-esp-elf --exec_prefix=/Users/brnomac003/.gitlab-runner/builds/qR2TxTby/0/idf/crosstool-NG/builds/xtensa-esp-elf --with-local-prefix=/Users/brnomac003/.gitlab-runner/builds/qR2TxTby/0/idf/crosstool-NG/builds/xtensa-esp-elf/xtensa-esp-elf --with-sysroot=/Users/brnomac003/.gitlab-runner/builds/qR2TxTby/0/idf/crosstool-NG/builds/xtensa-esp-elf/xtensa-esp-elf --with-native-system-header-dir=/include --with-newlib --enable-threads=no --disable-shared --with-pkgversion='crosstool-NG esp-13.2.0_20240530' --disable-__cxa_atexit --enable-cxx-flags=-ffunction-sections --disable-libgomp --disable-libmudflap --disable-libmpx --disable-libssp --disable-libquadmath --disable-libquadmath-support --disable-libstdcxx-verbose --with-gmp=/Users/brnomac003/.gitlab-runner/builds/qR2TxTby/0/idf/crosstool-NG/.build/xtensa-esp-elf/buildtools --with-mpfr=/Users/brnomac003/.gitlab-runner/builds/qR2TxTby/0/idf/crosstool-NG/.build/xtensa-esp-elf/buildtools --with-mpc=/Users/brnomac003/.gitlab-runner/builds/qR2TxTby/0/idf/crosstool-NG/.build/xtensa-esp-elf/buildtools --with-isl=/Users/brnomac003/.gitlab-runner/builds/qR2TxTby/0/idf/crosstool-NG/.build/xtensa-esp-elf/buildtools --enable-lto --enable-target-optspace --without-long-double-128 --disable-nls --enable-multiarch --enable-languages=c c++ --disable-libstdcxx-verbose --enable-threads=posix --enable-gcov-custom-rtio --enable-libstdcxx-time=yes]
  ignore line: [Thread model: posix]
  ignore line: [Supported LTO compression algorithms: zlib zstd]
  ignore line: [gcc version 13.2.0 (crosstool-NG esp-13.2.0_20240530) ]
  ignore line: [COLLECT_GCC_OPTIONS='-mdynconfig=xtensa_esp32s3.so' '-mlongcalls' '-fno-builtin-memcpy' '-fno-builtin-memset' '-fno-builtin-bzero' '-fno-builtin-stpcpy' '-fno-builtin-strncpy' '-v' '-o' 'CMakeFiles/cmTC_063e8.dir/CMakeCCompilerABI.c.obj' '-c' '-dumpdir' 'CMakeFiles/cmTC_063e8.dir/']
  ignore line: [ /Users/ryanperkowski/.platformio/packages/toolchain-xtensa-esp-elf/bin/../libexec/gcc/xtensa-esp-elf/13.2.0/cc1 -quiet -v -imultilib esp32s3 -iprefix /Users/ryanperkowski/.platformio/packages/toolchain-xtensa-esp-elf/bin/../lib/gcc/xtensa-esp-elf/13.2.0/ -isysroot /Users/ryanperkowski/.platformio/packages/toolchain-xtensa-esp-elf/bin/../xtensa-esp-elf /Users/ryanperkowski/.platformio/packages/tool-cmake/share/cmake-3.16/Modules/CMakeCCompilerABI.c -quiet -dumpdir CMakeFiles/cmTC_063e8.dir/ -dumpbase CMakeCCompilerABI.c.c -dumpbase-ext .c -mdynconfig=xtensa_esp32s3.so -mlongcalls -version -fno-builtin-memcpy -fno-builtin-memset -fno-builtin-bzero -fno-builtin-stpcpy -fno-builtin-strncpy -o /var/folders/wn/nbx45m_57lx8rd3k7hj7jj040000gn/T//ccuQ4lEC.s]
  ignore line: [GNU C17 (crosstool-NG esp-13.2.0_20240530) version 13.2.0 (xtensa-esp-elf)]
  ignore line: [	compiled by GNU C version Apple LLVM 13.0.0 (clang-1300.0.27.3)  GMP version 6.2.1  MPFR version 4.2.1  MPC version 1.2.1  isl version isl-0.26-GMP]
  ignore line: []
  ignore line: [GGC heuristics: --param ggc-min-expand=100 --param ggc-min-heapsize=131072]
  ignore line: [ignoring duplicate directory "/Users/ryanperkowski/.platformio/packages/toolchain-xtensa-esp-elf/bin/../lib/gcc/../../lib/gcc/xtensa-esp-elf/13.2.0/include"]
  ignore line: [ignoring nonexistent directory "/Users/ryanperkowski/.platformio/packages/toolchain-xtensa-esp-elf/bin/../xtensa-esp-elf/Users/brnomac003/.gitlab-runner/builds/qR2TxTby/0/idf/crosstool-NG/builds/xtensa-esp-elf/xtensa-esp-elf/include"]
  ignore line: [ignoring duplicate directory "/Users/ryanperkowski/.platformio/packages/toolchain-xtensa-esp-elf/bin/../lib/gcc/../../lib/gcc/xtensa-esp-elf/13.2.0/include-fixed"]
  ignore line: [ignoring duplicate directory "/Users/ryanperkowski/.platformio/packages/toolchain-xtensa-esp-elf/bin/../lib/gcc/../../lib/gcc/xtensa-esp-elf/13.2.0/../../../../xtensa-esp-elf/include"]
  ignore line: [ignoring duplicate directory "/Users/ryanperkowski/.platformio/packages/toolchain-xtensa-esp-elf/bin/../xtensa-esp-elf/include"]
  ignore line: [#include "..." search starts here:]
  ignore line: [#include <...> search starts here:]
  ignore line: [ /Users/ryanperkowski/.platformio/packages/toolchain-xtensa-esp-elf/bin/../lib/gcc/xtensa-esp-elf/13.2.0/include]
  ignore line: [ /Users/ryanperkowski/.platformio/packages/toolchain-xtensa-esp-elf/bin/../lib/gcc/xtensa-esp-elf/13.2.0/include-fixed]
  ignore line: [ /Users/ryanperkowski/.platformio/packages/toolchain-xtensa-esp-elf/bin/../lib/gcc/xtensa-esp-elf/13.2.0/../../../../xtensa-esp-elf/include]
  ignore line: [End of search list.]
  ignore line: [Compiler executable checksum: cd92dc247db319dcac4122073faca0c1]
  ignore line: [COLLECT_GCC_OPTIONS='-mdynconfig=xtensa_esp32s3.so' '-mlongcalls' '-fno-builtin-memcpy' '-fno-builtin-memset' '-fno-builtin-bzero' '-fno-builtin-stpcpy' '-fno-builtin-strncpy' '-v' '-o' 'CMakeFiles/cmTC_063e8.dir/CMakeCCompilerABI.c.obj' '-c' '-dumpdir' 'CMakeFiles/cmTC_063e8.dir/']
  ignore line: [ /Users/ryanperkowski/.platformio/packages/toolchain-xtensa-esp-elf/bin/../lib/gcc/xtensa-esp-elf/13.2.0/../../../../xtensa-esp-elf/bin/as --traditional-format --longcalls --dynconfig=xtensa_esp32s3.so -o CMakeFiles/cmTC_063e8.dir/CMakeCCompilerABI.c.obj /var/folders/wn/nbx45m_57lx8rd3k7hj7jj040000gn/T//ccuQ4lEC.s]
  ignore line: [COMPILER_PATH=/Users/ryanperkowski/.platformio/packages/toolchain-xtensa-esp-elf/bin/../libexec/gcc/xtensa-esp-elf/13.2.0/:/Users/ryanperkowski/.platformio/packages/toolchain-xtensa-esp-elf/bin/../libexec/gcc/:/Users/ryanperkowski/.platformio/packages/toolchain-xtensa-esp-elf/bin/../lib/gcc/xtensa-esp-elf/13.2.0/../../../../xtensa-esp-elf/bin/]
  ignore line: [LIBRARY_PATH=/Users/ryanperkowski/.platformio/packages/toolchain-xtensa-esp-elf/bin/../lib/gcc/xtensa-esp-elf/13.2.0/esp32s3/:/Users/ryanperkowski/.platformio/packages/toolchain-xtensa-esp-elf/bin/../lib/gcc/xtensa-esp-elf/13.2.0/../../../../xtensa-esp-elf/lib/esp32s3/:/Users/ryanperkowski/.platformio/packages/toolchain-xtensa-esp-elf/bin/../xtensa-esp-elf/lib/esp32s3/:/Users/ryanperkowski/.platformio/packages/toolchain-xtensa-esp-elf/bin/../lib/gcc/xtensa-esp-elf/13.2.0/:/Users/ryanperkowski/.platformio/packages/toolchain-xtensa-esp-elf/bin/../lib/gcc/:/Users/ryanperkowski/.platformio/packages/toolchain-xtensa-esp-elf/bin/../lib/gcc/xtensa-esp-elf/13.2.0/../../../../xtensa-esp-elf/lib/:/Users/ryanperkowski/.platformio/packages/toolchain-xtensa-esp-elf/bin/../xtensa-esp-elf/lib/]
  ignore line: [COLLECT_GCC_OPTIONS='-mdynconfig=xtensa_esp32s3.so' '-mlongcalls' '-fno-builtin-memcpy' '-fno-builtin-memset' '-fno-builtin-bzero' '-fno-builtin-stpcpy' '-fno-builtin-strncpy' '-v' '-o' 'CMakeFiles/cmTC_063e8.dir/CMakeCCompilerABI.c.obj' '-c' '-dumpdir' 'CMakeFiles/cmTC_063e8.dir/CMakeCCompilerABI.c.']
  ignore line: [[2/2] Linking C executable cmTC_063e8]
  ignore line: [Using built-in specs.]
  ignore line: [COLLECT_GCC=/Users/ryanperkowski/.platformio/packages/toolchain-xtensa-esp-elf/bin/xtensa-esp-elf-gcc]
  ignore line: [COLLECT_LTO_WRAPPER=/Users/ryanperkowski/.platformio/packages/toolchain-xtensa-esp-elf/bin/../libexec/gcc/xtensa-esp-elf/13.2.0/lto-wrapper]
  ignore line: [Target: xtensa-esp-elf]
  ignore line: [Configured with: /Users/brnomac003/.gitlab-runner/builds/qR2TxTby/0/idf/crosstool-NG/.build/xtensa-esp-elf/src/gcc/configure --build=aarch64-build_apple-darwin21.4.0 --host=aarch64-build_apple-darwin21.4.0 --target=xtensa-esp-elf --prefix=/Users/brnomac003/.gitlab-runner/builds/qR2TxTby/0/idf/crosstool-NG/builds/xtensa-esp-elf --exec_prefix=/Users/brnomac003/.gitlab-runner/builds/qR2TxTby/0/idf/crosstool-NG/builds/xtensa-esp-elf --with-local-prefix=/Users/brnomac003/.gitlab-runner/builds/qR2TxTby/0/idf/crosstool-NG/builds/xtensa-esp-elf/xtensa-esp-elf --with-sysroot=/Users/brnomac003/.gitlab-runner/builds/qR2TxTby/0/idf/crosstool-NG/builds/xtensa-esp-elf/xtensa-esp-elf --with-native-system-header-dir=/include --with-newlib --enable-threads=no --disable-shared --with-pkgversion='crosstool-NG esp-13.2.0_20240530' --disable-__cxa_atexit --enable-cxx-flags=-ffunction-sections --disable-libgomp --disable-libmudflap --disable-libmpx --disable-libssp --disable-libquadmath --disable-libquadmath-support --disable-libstdcxx-verbose --with-gmp=/Users/brnomac003/.gitlab-runner/builds/qR2TxTby/0/idf/crosstool-NG/.build/xtensa-esp-elf/buildtools --with-mpfr=/Users/brnomac003/.gitlab-runner/builds/qR2TxTby/0/idf/crosstool-NG/.build/xtensa-esp-elf/buildtools --with-mpc=/Users/brnomac003/.gitlab-runner/builds/qR2TxTby/0/idf/crosstool-NG/.build/xtensa-esp-elf/buildtools --with-isl=/Users/brnomac003/.gitlab-runner/builds/qR2TxTby/0/idf/crosstool-NG/.build/xtensa-esp-elf/buildtools --enable-lto --enable-target-optspace --without-long-double-128 --disable-nls --enable-multiarch --enable-languages=c c++ --disable-libstdcxx-verbose --enable-threads=posix --enable-gcov-custom-rtio --enable-libstdcxx-time=yes]
  ignore line: [Thread model: posix]
  ignore line: [Supported LTO compression algorithms: zlib zstd]
  ignore line: [gcc version 13.2.0 (crosstool-NG esp-13.2.0_20240530) ]
  ignore line: [COMPILER_PATH=/Users/ryanperkowski/.platformio/packages/toolchain-xtensa-esp-elf/bin/../libexec/gcc/xtensa-esp-elf/13.2.0/:/Users/ryanperkowski/.platformio/packages/toolchain-xtensa-esp-elf/bin/../libexec/gcc/:/Users/ryanperkowski/.platformio/packages/toolchain-xtensa-esp-elf/bin/../lib/gcc/xtensa-esp-elf/13.2.0/../../../../xtensa-esp-elf/bin/]
  ignore line: [LIBRARY_PATH=/Users/ryanperkowski/.platformio/packages/toolchain-xtensa-esp-elf/bin/../lib/gcc/xtensa-esp-elf/13.2.0/esp32s3/:/Users/ryanperkowski/.platformio/packages/toolchain-xtensa-esp-elf/bin/../lib/gcc/xtensa-esp-elf/13.2.0/../../../../xtensa-esp-elf/lib/esp32s3/:/Users/ryanperkowski/.platformio/packages/toolchain-xtensa-esp-elf/bin/../xtensa-esp-elf/lib/esp32s3/:/Users/ryanperkowski/.platformio/packages/toolchain-xtensa-esp-elf/bin/../lib/gcc/xtensa-esp-elf/13.2.0/:/Users/ryanperkowski/.platformio/packages/toolchain-xtensa-esp-elf/bin/../lib/gcc/:/Users/ryanperkowski/.platformio/packages/toolchain-xtensa-esp-elf/bin/../lib/gcc/xtensa-esp-elf/13.2.0/../../../../xtensa-esp-elf/lib/:/Users/ryanperkowski/.platformio/packages/toolchain-xtensa-esp-elf/bin/../xtensa-esp-elf/lib/]
  ignore line: [COLLECT_GCC_OPTIONS='-mdynconfig=xtensa_esp32s3.so' '-mlongcalls' '-fno-builtin-memcpy' '-fno-builtin-memset' '-fno-builtin-bzero' '-fno-builtin-stpcpy' '-fno-builtin-strncpy' '-v' '-o' 'cmTC_063e8' '-dumpdir' 'cmTC_063e8.']
  link line: [ /Users/ryanperkowski/.platformio/packages/toolchain-xtensa-esp-elf/bin/../libexec/gcc/xtensa-esp-elf/13.2.0/collect2 -plugin /Users/ryanperkowski/.platformio/packages/toolchain-xtensa-esp-elf/bin/../libexec/gcc/xtensa-esp-elf/13.2.0/liblto_plugin.so -plugin-opt=/Users/ryanperkowski/.platformio/packages/toolchain-xtensa-esp-elf/bin/../libexec/gcc/xtensa-esp-elf/13.2.0/lto-wrapper -plugin-opt=-fresolution=/var/folders/wn/nbx45m_57lx8rd3k7hj7jj040000gn/T//ccncMor5.res -plugin-opt=-pass-through=-lgcc -plugin-opt=-pass-through=-lc -plugin-opt=-pass-through=-lnosys -plugin-opt=-pass-through=-lc -plugin-opt=-pass-through=-lgcc --sysroot=/Users/ryanperkowski/.platformio/packages/toolchain-xtensa-esp-elf/bin/../xtensa-esp-elf --dynconfig=xtensa_esp32s3.so -o cmTC_063e8 /Users/ryanperkowski/.platformio/packages/toolchain-xtensa-esp-elf/bin/../lib/gcc/xtensa-esp-elf/13.2.0/../../../../xtensa-esp-elf/lib/esp32s3/crt0.o /Users/ryanperkowski/.platformio/packages/toolchain-xtensa-esp-elf/bin/../lib/gcc/xtensa-esp-elf/13.2.0/esp32s3/crti.o /Users/ryanperkowski/.platformio/packages/toolchain-xtensa-esp-elf/bin/../lib/gcc/xtensa-esp-elf/13.2.0/esp32s3/crtbegin.o -L/Users/ryanperkowski/.platformio/packages/toolchain-xtensa-esp-elf/bin/../lib/gcc/xtensa-esp-elf/13.2.0/esp32s3 -L/Users/ryanperkowski/.platformio/packages/toolchain-xtensa-esp-elf/bin/../lib/gcc/xtensa-esp-elf/13.2.0/../../../../xtensa-esp-elf/lib/esp32s3 -L/Users/ryanperkowski/.platformio/packages/toolchain-xtensa-esp-elf/bin/../xtensa-esp-elf/lib/esp32s3 -L/Users/ryanperkowski/.platformio/packages/toolchain-xtensa-esp-elf/bin/../lib/gcc/xtensa-esp-elf/13.2.0 -L/Users/ryanperkowski/.platformio/packages/toolchain-xtensa-esp-elf/bin/../lib/gcc -L/Users/ryanperkowski/.platformio/packages/toolchain-xtensa-esp-elf/bin/../lib/gcc/xtensa-esp-elf/13.2.0/../../../../xtensa-esp-elf/lib -L/Users/ryanperkowski/.platformio/packages/toolchain-xtensa-esp-elf/bin/../xtensa-esp-elf/lib CMakeFiles/cmTC_063e8.dir/CMakeCCompilerABI.c.obj -lgcc -lc -lnosys -lc -lgcc /Users/ryanperkowski/.platformio/packages/toolchain-xtensa-esp-elf/bin/../lib/gcc/xtensa-esp-elf/13.2.0/esp32s3/crtend.o /Users/ryanperkowski/.platformio/packages/toolchain-xtensa-esp-elf/bin/../lib/gcc/xtensa-esp-elf/13.2.0/esp32s3/crtn.o]
    arg [/Users/ryanperkowski/.platformio/packages/toolchain-xtensa-esp-elf/bin/../libexec/gcc/xtensa-esp-elf/13.2.0/collect2] ==> ignore
    arg [-plugin] ==> ignore
    arg [/Users/ryanperkowski/.platformio/packages/toolchain-xtensa-esp-elf/bin/../libexec/gcc/xtensa-esp-elf/13.2.0/liblto_plugin.so] ==> ignore
    arg [-plugin-opt=/Users/ryanperkowski/.platformio/packages/toolchain-xtensa-esp-elf/bin/../libexec/gcc/xtensa-esp-elf/13.2.0/lto-wrapper] ==> ignore
    arg [-plugin-opt=-fresolution=/var/folders/wn/nbx45m_57lx8rd3k7hj7jj040000gn/T//ccncMor5.res] ==> ignore
    arg [-plugin-opt=-pass-through=-lgcc] ==> ignore
    arg [-plugin-opt=-pass-through=-lc] ==> ignore
    arg [-plugin-opt=-pass-through=-lnosys] ==> ignore
    arg [-plugin-opt=-pass-through=-lc] ==> ignore
    arg [-plugin-opt=-pass-through=-lgcc] ==> ignore
    arg [--sysroot=/Users/ryanperkowski/.platformio/packages/toolchain-xtensa-esp-elf/bin/../xtensa-esp-elf] ==> ignore
    arg [--dynconfig=xtensa_esp32s3.so] ==> ignore
    arg [-o] ==> ignore
    arg [cmTC_063e8] ==> ignore
    arg [/Users/ryanperkowski/.platformio/packages/toolchain-xtensa-esp-elf/bin/../lib/gcc/xtensa-esp-elf/13.2.0/../../../../xtensa-esp-elf/lib/esp32s3/crt0.o] ==> ignore
    arg [/Users/ryanperkowski/.platformio/packages/toolchain-xtensa-esp-elf/bin/../lib/gcc/xtensa-esp-elf/13.2.0/esp32s3/crti.o] ==> ignore
    arg [/Users/ryanperkowski/.platformio/packages/toolchain-xtensa-esp-elf/bin/../lib/gcc/xtensa-esp-elf/13.2.0/esp32s3/crtbegin.o] ==> ignore
    arg [-L/Users/ryanperkowski/.platformio/packages/toolchain-xtensa-esp-elf/bin/../lib/gcc/xtensa-esp-elf/13.2.0/esp32s3] ==> dir [/Users/ryanperkowski/.platformio/packages/toolchain-xtensa-esp-elf/bin/../lib/gcc/xtensa-esp-elf/13.2.0/esp32s3]
    arg [-L/Users/ryanperkowski/.platformio/packages/toolchain-xtensa-esp-elf/bin/../lib/gcc/xtensa-esp-elf/13.2.0/../../../../xtensa-esp-elf/lib/esp32s3] ==> dir [/Users/ryanperkowski/.platformio/packages/toolchain-xtensa-esp-elf/bin/../lib/gcc/xtensa-esp-elf/13.2.0/../../../../xtensa-esp-elf/lib/esp32s3]
    arg [-L/Users/ryanperkowski/.platformio/packages/toolchain-xtensa-esp-elf/bin/../xtensa-esp-elf/lib/esp32s3] ==> dir [/Users/ryanperkowski/.platformio/packages/toolchain-xtensa-esp-elf/bin/../xtensa-esp-elf/lib/esp32s3]
    arg [-L/Users/ryanperkowski/.platformio/packages/toolchain-xtensa-esp-elf/bin/../lib/gcc/xtensa-esp-elf/13.2.0] ==> dir [/Users/ryanperkowski/.platformio/packages/toolchain-xtensa-esp-elf/bin/../lib/gcc/xtensa-esp-elf/13.2.0]
    arg [-L/Users/ryanperkowski/.platformio/packages/toolchain-xtensa-esp-elf/bin/../lib/gcc] ==> dir [/Users/ryanperkowski/.platformio/packages/toolchain-xtensa-esp-elf/bin/../lib/gcc]
    arg [-L/Users/ryanperkowski/.platformio/packages/toolchain-xtensa-esp-elf/bin/../lib/gcc/xtensa-esp-elf/13.2.0/../../../../xtensa-esp-elf/lib] ==> dir [/Users/ryanperkowski/.platformio/packages/toolchain-xtensa-esp-elf/bin/../lib/gcc/xtensa-esp-elf/13.2.0/../../../../xtensa-esp-elf/lib]
    arg [-L/Users/ryanperkowski/.platformio/packages/toolchain-xtensa-esp-elf/bin/../xtensa-esp-elf/lib] ==> dir [/Users/ryanperkowski/.platformio/packages/toolchain-xtensa-esp-elf/bin/../xtensa-esp-elf/lib]
    arg [CMakeFiles/cmTC_063e8.dir/CMakeCCompilerABI.c.obj] ==> ignore
    arg [-lgcc] ==> lib [gcc]
    arg [-lc] ==> lib [c]
    arg [-lnosys] ==> lib [nosys]
    arg [-lc] ==> lib [c]
    arg [-lgcc] ==> lib [gcc]
    arg [/Users/ryanperkowski/.platformio/packages/toolchain-xtensa-esp-elf/bin/../lib/gcc/xtensa-esp-elf/13.2.0/esp32s3/crtend.o] ==> ignore
    arg [/Users/ryanperkowski/.platformio/packages/toolchain-xtensa-esp-elf/bin/../lib/gcc/xtensa-esp-elf/13.2.0/esp32s3/crtn.o] ==> ignore
  collapse library dir [/Users/ryanperkowski/.platformio/packages/toolchain-xtensa-esp-elf/bin/../lib/gcc/xtensa-esp-elf/13.2.0/esp32s3] ==> [/Users/ryanperkowski/.platformio/packages/toolchain-xtensa-esp-elf/lib/gcc/xtensa-esp-elf/13.2.0/esp32s3]
  collapse library dir [/Users/ryanperkowski/.platformio/packages/toolchain-xtensa-esp-elf/bin/../lib/gcc/xtensa-esp-elf/13.2.0/../../../../xtensa-esp-elf/lib/esp32s3] ==> [/Users/ryanperkowski/.platformio/packages/toolchain-xtensa-esp-elf/xtensa-esp-elf/lib/esp32s3]
  collapse library dir [/Users/ryanperkowski/.platformio/packages/toolchain-xtensa-esp-elf/bin/../xtensa-esp-elf/lib/esp32s3] ==> [/Users/ryanperkowski/.platformio/packages/toolchain-xtensa-esp-elf/xtensa-esp-elf/lib/esp32s3]
  collapse library dir [/Users/ryanperkowski/.platformio/packages/toolchain-xtensa-esp-elf/bin/../lib/gcc/xtensa-esp-elf/13.2.0] ==> [/Users/ryanperkowski/.platformio/packages/toolchain-xtensa-esp-elf/lib/gcc/xtensa-esp-elf/13.2.0]
  collapse library dir [/Users/ryanperkowski/.platformio/packages/toolchain-xtensa-esp-elf/bin/../lib/gcc] ==> [/Users/ryanperkowski/.platformio/packages/toolchain-xtensa-esp-elf/lib/gcc]
  collapse library dir [/Users/ryanperkowski/.platformio/packages/toolchain-xtensa-esp-elf/bin/../lib/gcc/xtensa-esp-elf/13.2.0/../../../../xtensa-esp-elf/lib] ==> [/Users/ryanperkowski/.platformio/packages/toolchain-xtensa-esp-elf/xtensa-esp-elf/lib]
  collapse library dir [/Users/ryanperkowski/.platformio/packages/toolchain-xtensa-esp-elf/bin/../xtensa-esp-elf/lib] ==> [/Users/ryanperkowski/.platformio/packages/toolchain-xtensa-esp-elf/xtensa-esp-elf/lib]
  implicit libs: [gcc;c;nosys;c;gcc]
  implicit dirs: [/Users/ryanperkowski/.platformio/packages/toolchain-xtensa-esp-elf/lib/gcc/xtensa-esp-elf/13.2.0/esp32s3;/Users/ryanperkowski/.platformio/packages/toolchain-xtensa-esp-elf/xtensa-esp-elf/lib/esp32s3;/Users/ryanperkowski/.platformio/packages/toolchain-xtensa-esp-elf/lib/gcc/xtensa-esp-elf/13.2.0;/Users/ryanperkowski/.platformio/packages/toolchain-xtensa-esp-elf/lib/gcc;/Users/ryanperkowski/.platformio/packages/toolchain-xtensa-esp-elf/xtensa-esp-elf/lib]
  implicit fwks: []


Determining if the CXX compiler works passed with the following output:
Change Dir: /Users/ryanperkowski/Documents/PlatformIO/Projects/HydroponicMonitor/.pio/build/esp32-s3-devkitm-1/CMakeFiles/CMakeTmp

Run Build Command(s):/Users/ryanperkowski/.platformio/packages/tool-ninja/ninja cmTC_dad2f && [1/2] Building CXX object CMakeFiles/cmTC_dad2f.dir/testCXXCompiler.cxx.obj
[2/2] Linking CXX executable cmTC_dad2f



Detecting CXX compiler ABI info compiled with the following output:
Change Dir: /Users/ryanperkowski/Documents/PlatformIO/Projects/HydroponicMonitor/.pio/build/esp32-s3-devkitm-1/CMakeFiles/CMakeTmp

Run Build Command(s):/Users/ryanperkowski/.platformio/packages/tool-ninja/ninja cmTC_0d22b && [1/2] Building CXX object CMakeFiles/cmTC_0d22b.dir/CMakeCXXCompilerABI.cpp.obj
Using built-in specs.
COLLECT_GCC=/Users/ryanperkowski/.platformio/packages/toolchain-xtensa-esp-elf/bin/xtensa-esp-elf-g++
Target: xtensa-esp-elf
Configured with: /Users/brnomac003/.gitlab-runner/builds/qR2TxTby/0/idf/crosstool-NG/.build/xtensa-esp-elf/src/gcc/configure --build=aarch64-build_apple-darwin21.4.0 --host=aarch64-build_apple-darwin21.4.0 --target=xtensa-esp-elf --prefix=/Users/brnomac003/.gitlab-runner/builds/qR2TxTby/0/idf/crosstool-NG/builds/xtensa-esp-elf --exec_prefix=/Users/brnomac003/.gitlab-runner/builds/qR2TxTby/0/idf/crosstool-NG/builds/xtensa-esp-elf --with-local-prefix=/Users/brnomac003/.gitlab-runner/builds/qR2TxTby/0/idf/crosstool-NG/builds/xtensa-esp-elf/xtensa-esp-elf --with-sysroot=/Users/brnomac003/.gitlab-runner/builds/qR2TxTby/0/idf/crosstool-NG/builds/xtensa-esp-elf/xtensa-esp-elf --with-native-system-header-dir=/include --with-newlib --enable-threads=no --disable-shared --with-pkgversion='crosstool-NG esp-13.2.0_20240530' --disable-__cxa_atexit --enable-cxx-flags=-ffunction-sections --disable-libgomp --disable-libmudflap --disable-libmpx --disable-libssp --disable-libquadmath --disable-libquadmath-support --disable-libstdcxx-verbose --with-gmp=/Users/brnomac003/.gitlab-runner/builds/qR2TxTby/0/idf/crosstool-NG/.build/xtensa-esp-elf/buildtools --with-mpfr=/Users/brnomac003/.gitlab-runner/builds/qR2TxTby/0/idf/crosstool-NG/.build/xtensa-esp-elf/buildtools --with-mpc=/Users/brnomac003/.gitlab-runner/builds/qR2TxTby/0/idf/crosstool-NG/.build/xtensa-esp-elf/buildtools --with-isl=/Users/brnomac003/.gitlab-runner/builds/qR2TxTby/0/idf/crosstool-NG/.build/xtensa-esp-elf/buildtools --enable-lto --enable-target-optspace --without-long-double-128 --disable-nls --enable-multiarch --enable-languages=c,c++ --disable-libstdcxx-verbose --enable-threads=posix --enable-gcov-custom-rtio --enable-libstdcxx-time=yes
Thread model: posix
Supported LTO compression algorithms: zlib zstd
gcc version 13.2.0 (crosstool-NG esp-13.2.0_20240530) 
COLLECT_GCC_OPTIONS='-mdynconfig=xtensa_esp32s3.so' '-mlongcalls' '-fno-builtin-memcpy' '-fno-builtin-memset' '-fno-builtin-bzero' '-fno-builtin-stpcpy' '-fno-builtin-strncpy' '-v' '-o' 'CMakeFiles/cmTC_0d22b.dir/CMakeCXXCompilerABI.cpp.obj' '-c' '-dumpdir' 'CMakeFiles/cmTC_0d22b.dir/'
 /Users/ryanperkowski/.platformio/packages/toolchain-xtensa-esp-elf/bin/../libexec/gcc/xtensa-esp-elf/13.2.0/cc1plus -quiet -v -imultilib esp32s3 -iprefix /Users/ryanperkowski/.platformio/packages/toolchain-xtensa-esp-elf/bin/../lib/gcc/xtensa-esp-elf/13.2.0/ -isysroot /Users/ryanperkowski/.platformio/packages/toolchain-xtensa-esp-elf/bin/../xtensa-esp-elf /Users/ryanperkowski/.platformio/packages/tool-cmake/share/cmake-3.16/Modules/CMakeCXXCompilerABI.cpp -quiet -dumpdir CMakeFiles/cmTC_0d22b.dir/ -dumpbase CMakeCXXCompilerABI.cpp.cpp -dumpbase-ext .cpp -mdynconfig=xtensa_esp32s3.so -mlongcalls -version -fno-builtin-memcpy -fno-builtin-memset -fno-builtin-bzero -fno-builtin-stpcpy -fno-builtin-strncpy -o /var/folders/wn/nbx45m_57lx8rd3k7hj7jj040000gn/T//ccX2nWUj.s
GNU C++17 (crosstool-NG esp-13.2.0_20240530) version 13.2.0 (xtensa-esp-elf)
	compiled by GNU C version Apple LLVM 13.0.0 (clang-1300.0.27.3), GMP version 6.2.1, MPFR version 4.2.1, MPC version 1.2.1, isl version isl-0.26-GMP

GGC heuristics: --param ggc-min-expand=100 --param ggc-min-heapsize=131072
ignoring duplicate directory "/Users/ryanperkowski/.platformio/packages/toolchain-xtensa-esp-elf/bin/../lib/gcc/../../lib/gcc/xtensa-esp-elf/13.2.0/../../../../xtensa-esp-elf/include/c++/13.2.0"
ignoring duplicate directory "/Users/ryanperkowski/.platformio/packages/toolchain-xtensa-esp-elf/bin/../lib/gcc/../../lib/gcc/xtensa-esp-elf/13.2.0/../../../../xtensa-esp-elf/include/c++/13.2.0/xtensa-esp-elf/esp32s3"
ignoring duplicate directory "/Users/ryanperkowski/.platformio/packages/toolchain-xtensa-esp-elf/bin/../lib/gcc/../../lib/gcc/xtensa-esp-elf/13.2.0/../../../../xtensa-esp-elf/include/c++/13.2.0/backward"
ignoring duplicate directory "/Users/ryanperkowski/.platformio/packages/toolchain-xtensa-esp-elf/bin/../lib/gcc/../../lib/gcc/xtensa-esp-elf/13.2.0/include"
ignoring nonexistent directory "/Users/ryanperkowski/.platformio/packages/toolchain-xtensa-esp-elf/bin/../xtensa-esp-elf/Users/brnomac003/.gitlab-runner/builds/qR2TxTby/0/idf/crosstool-NG/builds/xtensa-esp-elf/xtensa-esp-elf/include"
ignoring duplicate directory "/Users/ryanperkowski/.platformio/packages/toolchain-xtensa-esp-elf/bin/../lib/gcc/../../lib/gcc/xtensa-esp-elf/13.2.0/include-fixed"
ignoring duplicate directory "/Users/ryanperkowski/.platformio/packages/toolchain-xtensa-esp-elf/bin/../lib/gcc/../../lib/gcc/xtensa-esp-elf/13.2.0/../../../../xtensa-esp-elf/include"
ignoring duplicate directory "/Users/ryanperkowski/.platformio/packages/toolchain-xtensa-esp-elf/bin/../xtensa-esp-elf/include"
#include "..." search starts here:
#include <...> search starts here:
 /Users/ryanperkowski/.platformio/packages/toolchain-xtensa-esp-elf/bin/../lib/gcc/xtensa-esp-elf/13.2.0/../../../../xtensa-esp-elf/include/c++/13.2.0
 /Users/ryanperkowski/.platformio/packages/toolchain-xtensa-esp-elf/bin/../lib/gcc/xtensa-esp-elf/13.2.0/../../../../xtensa-esp-elf/include/c++/13.2.0/xtensa-esp-elf/esp32s3
 /Users/ryanperkowski/.platformio/packages/toolchain-xtensa-esp-elf/bin/../lib/gcc/xtensa-esp-elf/13.2.0/../../../../xtensa-esp-elf/include/c++/13.2.0/backward
 /Users/ryanperkowski/.platformio/packages/toolchain-xtensa-esp-elf/bin/../lib/gcc/xtensa-esp-elf/13.2.0/include
 /Users/ryanperkowski/.platformio/packages/toolchain-xtensa-esp-elf/bin/../lib/gcc/xtensa-esp-elf/13.2.0/include-fixed
 /Users/ryanperkowski/.platformio/packages/toolchain-xtensa-esp-elf/bin/../lib/gcc/xtensa-esp-elf/13.2.0/../../../../xtensa-esp-elf/include
End of search list.
Compiler executable checksum: f60983592ff8f2a0bf36f0d3e34fcff5
COLLECT_GCC_OPTIONS='-mdynconfig=xtensa_esp32s3.so' '-mlongcalls' '-fno-builtin-memcpy' '-fno-builtin-memset' '-fno-builtin-bzero' '-fno-builtin-stpcpy' '-fno-builtin-strncpy' '-v' '-o' 'CMakeFiles/cmTC_0d22b.dir/CMakeCXXCompilerABI.cpp.obj' '-c' '-dumpdir' 'CMakeFiles/cmTC_0d22b.dir/'
 /Users/ryanperkowski/.platformio/packages/toolchain-xtensa-esp-elf/bin/../lib/gcc/xtensa-esp-elf/13.2.0/../../../../xtensa-esp-elf/bin/as --traditional-format --longcalls --dynconfig=xtensa_esp32s3.so -o CMakeFiles/cmTC_0d22b.dir/CMakeCXXCompilerABI.cpp.obj /var/folders/wn/nbx45m_57lx8rd3k7hj7jj040000gn/T//ccX2nWUj.s
COMPILER_PATH=/Users/ryanperkowski/.platformio/packages/toolchain-xtensa-esp-elf/bin/../libexec/gcc/xtensa-esp-elf/13.2.0/:/Users/ryanperkowski/.platformio/packages/toolchain-xtensa-esp-elf/bin/../libexec/gcc/:/Users/ryanperkowski/.platformio/packages/toolchain-xtensa-esp-elf/bin/../lib/gcc/xtensa-esp-elf/13.2.0/../../../../xtensa-esp-elf/bin/
LIBRARY_PATH=/Users/ryanperkowski/.platformio/packages/toolchain-xtensa-esp-elf/bin/../lib/gcc/xtensa-esp-elf/13.2.0/esp32s3/:/Users/ryanperkowski/.platformio/packages/toolchain-xtensa-esp-elf/bin/../lib/gcc/xtensa-esp-elf/13.2.0/../../../../xtensa-esp-elf/lib/esp32s3/:/Users/ryanperkowski/.platformio/packages/toolchain-xtensa-esp-elf/bin/../xtensa-esp-elf/lib/esp32s3/:/Users/ryanperkowski/.platformio/packages/toolchain-xtensa-esp-elf/bin/../lib/gcc/xtensa-esp-elf/13.2.0/:/Users/ryanperkowski/.platformio/packages/toolchain-xtensa-esp-elf/bin/../lib/gcc/:/Users/ryanperkowski/.platformio/packages/toolchain-xtensa-esp-elf/bin/../lib/gcc/xtensa-esp-elf/13.2.0/../../../../xtensa-esp-elf/lib/:/Users/ryanperkowski/.platformio/packages/toolchain-xtensa-esp-elf/bin/../xtensa-esp-elf/lib/
COLLECT_GCC_OPTIONS='-mdynconfig=xtensa_esp32s3.so' '-mlongcalls' '-fno-builtin-memcpy' '-fno-builtin-memset' '-fno-builtin-bzero' '-fno-builtin-stpcpy' '-fno-builtin-strncpy' '-v' '-o' 'CMakeFiles/cmTC_0d22b.dir/CMakeCXXCompilerABI.cpp.obj' '-c' '-dumpdir' 'CMakeFiles/cmTC_0d22b.dir/CMakeCXXCompilerABI.cpp.'
[2/2] Linking CXX executable cmTC_0d22b
Using built-in specs.
COLLECT_GCC=/Users/ryanperkowski/.platformio/packages/toolchain-xtensa-esp-elf/bin/xtensa-esp-elf-g++
COLLECT_LTO_WRAPPER=/Users/ryanperkowski/.platformio/packages/toolchain-xtensa-esp-elf/bin/../libexec/gcc/xtensa-esp-elf/13.2.0/lto-wrapper
Target: xtensa-esp-elf
Configured with: /Users/brnomac003/.gitlab-runner/builds/qR2TxTby/0/idf/crosstool-NG/.build/xtensa-esp-elf/src/gcc/configure --build=aarch64-build_apple-darwin21.4.0 --host=aarch64-build_apple-darwin21.4.0 --target=xtensa-esp-elf --prefix=/Users/brnomac003/.gitlab-runner/builds/qR2TxTby/0/idf/crosstool-NG/builds/xtensa-esp-elf --exec_prefix=/Users/brnomac003/.gitlab-runner/builds/qR2TxTby/0/idf/crosstool-NG/builds/xtensa-esp-elf --with-local-prefix=/Users/brnomac003/.gitlab-runner/builds/qR2TxTby/0/idf/crosstool-NG/builds/xtensa-esp-elf/xtensa-esp-elf --with-sysroot=/Users/brnomac003/.gitlab-runner/builds/qR2TxTby/0/idf/crosstool-NG/builds/xtensa-esp-elf/xtensa-esp-elf --with-native-system-header-dir=/include --with-newlib --enable-threads=no --disable-shared --with-pkgversion='crosstool-NG esp-13.2.0_20240530' --disable-__cxa_atexit --enable-cxx-flags=-ffunction-sections --disable-libgomp --disable-libmudflap --disable-libmpx --disable-libssp --disable-libquadmath --disable-libquadmath-support --disable-libstdcxx-verbose --with-gmp=/Users/brnomac003/.gitlab-runner/builds/qR2TxTby/0/idf/crosstool-NG/.build/xtensa-esp-elf/buildtools --with-mpfr=/Users/brnomac003/.gitlab-runner/builds/qR2TxTby/0/idf/crosstool-NG/.build/xtensa-esp-elf/buildtools --with-mpc=/Users/brnomac003/.gitlab-runner/builds/qR2TxTby/0/idf/crosstool-NG/.build/xtensa-esp-elf/buildtools --with-isl=/Users/brnomac003/.gitlab-runner/builds/qR2TxTby/0/idf/crosstool-NG/.build/xtensa-esp-elf/buildtools --enable-lto --enable-target-optspace --without-long-double-128 --disable-nls --enable-multiarch --enable-languages=c,c++ --disable-libstdcxx-verbose --enable-threads=posix --enable-gcov-custom-rtio --enable-libstdcxx-time=yes
Thread model: posix
Supported LTO compression algorithms: zlib zstd
gcc version 13.2.0 (crosstool-NG esp-13.2.0_20240530) 
COMPILER_PATH=/Users/ryanperkowski/.platformio/packages/toolchain-xtensa-esp-elf/bin/../libexec/gcc/xtensa-esp-elf/13.2.0/:/Users/ryanperkowski/.platformio/packages/toolchain-xtensa-esp-elf/bin/../libexec/gcc/:/Users/ryanperkowski/.platformio/packages/toolchain-xtensa-esp-elf/bin/../lib/gcc/xtensa-esp-elf/13.2.0/../../../../xtensa-esp-elf/bin/
LIBRARY_PATH=/Users/ryanperkowski/.platformio/packages/toolchain-xtensa-esp-elf/bin/../lib/gcc/xtensa-esp-elf/13.2.0/esp32s3/:/Users/ryanperkowski/.platformio/packages/toolchain-xtensa-esp-elf/bin/../lib/gcc/xtensa-esp-elf/13.2.0/../../../../xtensa-esp-elf/lib/esp32s3/:/Users/ryanperkowski/.platformio/packages/toolchain-xtensa-esp-elf/bin/../xtensa-esp-elf/lib/esp32s3/:/Users/ryanperkowski/.platformio/packages/toolchain-xtensa-esp-elf/bin/../lib/gcc/xtensa-esp-elf/13.2.0/:/Users/ryanperkowski/.platformio/packages/toolchain-xtensa-esp-elf/bin/../lib/gcc/:/Users/ryanperkowski/.platformio/packages/toolchain-xtensa-esp-elf/bin/../lib/gcc/xtensa-esp-elf/13.2.0/../../../../xtensa-esp-elf/lib/:/Users/ryanperkowski/.platformio/packages/toolchain-xtensa-esp-elf/bin/../xtensa-esp-elf/lib/
COLLECT_GCC_OPTIONS='-mdynconfig=xtensa_esp32s3.so' '-mlongcalls' '-fno-builtin-memcpy' '-fno-builtin-memset' '-fno-builtin-bzero' '-fno-builtin-stpcpy' '-fno-builtin-strncpy' '-v' '-o' 'cmTC_0d22b' '-dumpdir' 'cmTC_0d22b.'
 /Users/ryanperkowski/.platformio/packages/toolchain-xtensa-esp-elf/bin/../libexec/gcc/xtensa-esp-elf/13.2.0/collect2 -plugin /Users/ryanperkowski/.platformio/packages/toolchain-xtensa-esp-elf/bin/../libexec/gcc/xtensa-esp-elf/13.2.0/liblto_plugin.so -plugin-opt=/Users/ryanperkowski/.platformio/packages/toolchain-xtensa-esp-elf/bin/../libexec/gcc/xtensa-esp-elf/13.2.0/lto-wrapper -plugin-opt=-fresolution=/var/folders/wn/nbx45m_57lx8rd3k7hj7jj040000gn/T//cc4H5R5o.res -plugin-opt=-pass-through=-lgcc -plugin-opt=-pass-through=-lc -plugin-opt=-pass-through=-lnosys -plugin-opt=-pass-through=-lc -plugin-opt=-pass-through=-lgcc --sysroot=/Users/ryanperkowski/.platformio/packages/toolchain-xtensa-esp-elf/bin/../xtensa-esp-elf --dynconfig=xtensa_esp32s3.so -o cmTC_0d22b /Users/ryanperkowski/.platformio/packages/toolchain-xtensa-esp-elf/bin/../lib/gcc/xtensa-esp-elf/13.2.0/../../../../xtensa-esp-elf/lib/esp32s3/crt0.o /Users/ryanperkowski/.platformio/packages/toolchain-xtensa-esp-elf/bin/../lib/gcc/xtensa-esp-elf/13.2.0/esp32s3/crti.o /Users/ryanperkowski/.platformio/packages/toolchain-xtensa-esp-elf/bin/../lib/gcc/xtensa-esp-elf/13.2.0/esp32s3/crtbegin.o -L/Users/ryanperkowski/.platformio/packages/toolchain-xtensa-esp-elf/bin/../lib/gcc/xtensa-esp-elf/13.2.0/esp32s3 -L/Users/ryanperkowski/.platformio/packages/toolchain-xtensa-esp-elf/bin/../lib/gcc/xtensa-esp-elf/13.2.0/../../../../xtensa-esp-elf/lib/esp32s3 -L/Users/ryanperkowski/.platformio/packages/toolchain-xtensa-esp-elf/bin/../xtensa-esp-elf/lib/esp32s3 -L/Users/ryanperkowski/.platformio/packages/toolchain-xtensa-esp-elf/bin/../lib/gcc/xtensa-esp-elf/13.2.0 -L/Users/ryanperkowski/.platformio/packages/toolchain-xtensa-esp-elf/bin/../lib/gcc -L/Users/ryanperkowski/.platformio/packages/toolchain-xtensa-esp-elf/bin/../lib/gcc/xtensa-esp-elf/13.2.0/../../../../xtensa-esp-elf/lib -L/Users/ryanperkowski/.platformio/packages/toolchain-xtensa-esp-elf/bin/../xtensa-esp-elf/lib CMakeFiles/cmTC_0d22b.dir/CMakeCXXCompilerABI.cpp.obj -lstdc++ -lm -lgcc -lc -lnosys -lc -lgcc /Users/ryanperkowski/.platformio/packages/toolchain-xtensa-esp-elf/bin/../lib/gcc/xtensa-esp-elf/13.2.0/esp32s3/crtend.o /Users/ryanperkowski/.platformio/packages/toolchain-xtensa-esp-elf/bin/../lib/gcc/xtensa-esp-elf/13.2.0/esp32s3/crtn.o
COLLECT_GCC_OPTIONS='-mdynconfig=xtensa_esp32s3.so' '-mlongcalls' '-fno-builtin-memcpy' '-fno-builtin-memset' '-fno-builtin-bzero' '-fno-builtin-stpcpy' '-fno-builtin-strncpy' '-v' '-o' 'cmTC_0d22b' '-dumpdir' 'cmTC_0d22b.'



Parsed CXX implicit include dir info from above output: rv=done
  found start of include info
  found start of implicit include info
    add: [/Users/ryanperkowski/.platformio/packages/toolchain-xtensa-esp-elf/bin/../lib/gcc/xtensa-esp-elf/13.2.0/../../../../xtensa-esp-elf/include/c++/13.2.0]
    add: [/Users/ryanperkowski/.platformio/packages/toolchain-xtensa-esp-elf/bin/../lib/gcc/xtensa-esp-elf/13.2.0/../../../../xtensa-esp-elf/include/c++/13.2.0/xtensa-esp-elf/esp32s3]
    add: [/Users/ryanperkowski/.platformio/packages/toolchain-xtensa-esp-elf/bin/../lib/gcc/xtensa-esp-elf/13.2.0/../../../../xtensa-esp-elf/include/c++/13.2.0/backward]
    add: [/Users/ryanperkowski/.platformio/packages/toolchain-xtensa-esp-elf/bin/../lib/gcc/xtensa-esp-elf/13.2.0/include]
    add: [/Users/ryanperkowski/.platformio/packages/toolchain-xtensa-esp-elf/bin/../lib/gcc/xtensa-esp-elf/13.2.0/include-fixed]
    add: [/Users/ryanperkowski/.platformio/packages/toolchain-xtensa-esp-elf/bin/../lib/gcc/xtensa-esp-elf/13.2.0/../../../../xtensa-esp-elf/include]
  end of search list found
  collapse include dir [/Users/ryanperkowski/.platformio/packages/toolchain-xtensa-esp-elf/bin/../lib/gcc/xtensa-esp-elf/13.2.0/../../../../xtensa-esp-elf/include/c++/13.2.0] ==> [/Users/ryanperkowski/.platformio/packages/toolchain-xtensa-esp-elf/xtensa-esp-elf/include/c++/13.2.0]
  collapse include dir [/Users/ryanperkowski/.platformio/packages/toolchain-xtensa-esp-elf/bin/../lib/gcc/xtensa-esp-elf/13.2.0/../../../../xtensa-esp-elf/include/c++/13.2.0/xtensa-esp-elf/esp32s3] ==> [/Users/ryanperkowski/.platformio/packages/toolchain-xtensa-esp-elf/xtensa-esp-elf/include/c++/13.2.0/xtensa-esp-elf/esp32s3]
  collapse include dir [/Users/ryanperkowski/.platformio/packages/toolchain-xtensa-esp-elf/bin/../lib/gcc/xtensa-esp-elf/13.2.0/../../../../xtensa-esp-elf/include/c++/13.2.0/backward] ==> [/Users/ryanperkowski/.platformio/packages/toolchain-xtensa-esp-elf/xtensa-esp-elf/include/c++/13.2.0/backward]
  collapse include dir [/Users/ryanperkowski/.platformio/packages/toolchain-xtensa-esp-elf/bin/../lib/gcc/xtensa-esp-elf/13.2.0/include] ==> [/Users/ryanperkowski/.platformio/packages/toolchain-xtensa-esp-elf/lib/gcc/xtensa-esp-elf/13.2.0/include]
  collapse include dir [/Users/ryanperkowski/.platformio/packages/toolchain-xtensa-esp-elf/bin/../lib/gcc/xtensa-esp-elf/13.2.0/include-fixed] ==> [/Users/ryanperkowski/.platformio/packages/toolchain-xtensa-esp-elf/lib/gcc/xtensa-esp-elf/13.2.0/include-fixed]
  collapse include dir [/Users/ryanperkowski/.platformio/packages/toolchain-xtensa-esp-elf/bin/../lib/gcc/xtensa-esp-elf/13.2.0/../../../../xtensa-esp-elf/include] ==> [/Users/ryanperkowski/.platformio/packages/toolchain-xtensa-esp-elf/xtensa-esp-elf/include]
  implicit include dirs: [/Users/ryanperkowski/.platformio/packages/toolchain-xtensa-esp-elf/xtensa-esp-elf/include/c++/13.2.0;/Users/ryanperkowski/.platformio/packages/toolchain-xtensa-esp-elf/xtensa-esp-elf/include/c++/13.2.0/xtensa-esp-elf/esp32s3;/Users/ryanperkowski/.platformio/packages/toolchain-xtensa-esp-elf/xtensa-esp-elf/include/c++/13.2.0/backward;/Users/ryanperkowski/.platformio/packages/toolchain-xtensa-esp-elf/lib/gcc/xtensa-esp-elf/13.2.0/include;/Users/ryanperkowski/.platformio/packages/toolchain-xtensa-esp-elf/lib/gcc/xtensa-esp-elf/13.2.0/include-fixed;/Users/ryanperkowski/.platformio/packages/toolchain-xtensa-esp-elf/xtensa-esp-elf/include]


Parsed CXX implicit link information from above output:
  link line regex: [^( *|.*[/\])(xtensa-esp32s3-elf-ld|CMAKE_LINK_STARTFILE-NOTFOUND|([^/\]+-)?ld|collect2)[^/\]*( |$)]
  ignore line: [Change Dir: /Users/ryanperkowski/Documents/PlatformIO/Projects/HydroponicMonitor/.pio/build/esp32-s3-devkitm-1/CMakeFiles/CMakeTmp]
  ignore line: []
  ignore line: [Run Build Command(s):/Users/ryanperkowski/.platformio/packages/tool-ninja/ninja cmTC_0d22b && [1/2] Building CXX object CMakeFiles/cmTC_0d22b.dir/CMakeCXXCompilerABI.cpp.obj]
  ignore line: [Using built-in specs.]
  ignore line: [COLLECT_GCC=/Users/ryanperkowski/.platformio/packages/toolchain-xtensa-esp-elf/bin/xtensa-esp-elf-g++]
  ignore line: [Target: xtensa-esp-elf]
  ignore line: [Configured with: /Users/brnomac003/.gitlab-runner/builds/qR2TxTby/0/idf/crosstool-NG/.build/xtensa-esp-elf/src/gcc/configure --build=aarch64-build_apple-darwin21.4.0 --host=aarch64-build_apple-darwin21.4.0 --target=xtensa-esp-elf --prefix=/Users/brnomac003/.gitlab-runner/builds/qR2TxTby/0/idf/crosstool-NG/builds/xtensa-esp-elf --exec_prefix=/Users/brnomac003/.gitlab-runner/builds/qR2TxTby/0/idf/crosstool-NG/builds/xtensa-esp-elf --with-local-prefix=/Users/brnomac003/.gitlab-runner/builds/qR2TxTby/0/idf/crosstool-NG/builds/xtensa-esp-elf/xtensa-esp-elf --with-sysroot=/Users/brnomac003/.gitlab-runner/builds/qR2TxTby/0/idf/crosstool-NG/builds/xtensa-esp-elf/xtensa-esp-elf --with-native-system-header-dir=/include --with-newlib --enable-threads=no --disable-shared --with-pkgversion='crosstool-NG esp-13.2.0_20240530' --disable-__cxa_atexit --enable-cxx-flags=-ffunction-sections --disable-libgomp --disable-libmudflap --disable-libmpx --disable-libssp --disable-libquadmath --disable-libquadmath-support --disable-libstdcxx-verbose --with-gmp=/Users/brnomac003/.gitlab-runner/builds/qR2TxTby/0/idf/crosstool-NG/.build/xtensa-esp-elf/buildtools --with-mpfr=/Users/brnomac003/.gitlab-runner/builds/qR2TxTby/0/idf/crosstool-NG/.build/xtensa-esp-elf/buildtools --with-mpc=/Users/brnomac003/.gitlab-runner/builds/qR2TxTby/0/idf/crosstool-NG/.build/xtensa-esp-elf/buildtools --with-isl=/Users/brnomac003/.gitlab-runner/builds/qR2TxTby/0/idf/crosstool-NG/.build/xtensa-esp-elf/buildtools --enable-lto --enable-target-optspace --without-long-double-128 --disable-nls --enable-multiarch --enable-languages=c c++ --disable-libstdcxx-verbose --enable-threads=posix --enable-gcov-custom-rtio --enable-libstdcxx-time=yes]
  ignore line: [Thread model: posix]
  ignore line: [Supported LTO compression algorithms: zlib zstd]
  ignore line: [gcc version 13.2.0 (crosstool-NG esp-13.2.0_20240530) ]
  ignore line: [COLLECT_GCC_OPTIONS='-mdynconfig=xtensa_esp32s3.so' '-mlongcalls' '-fno-builtin-memcpy' '-fno-builtin-memset' '-fno-builtin-bzero' '-fno-builtin-stpcpy' '-fno-builtin-strncpy' '-v' '-o' 'CMakeFiles/cmTC_0d22b.dir/CMakeCXXCompilerABI.cpp.obj' '-c' '-dumpdir' 'CMakeFiles/cmTC_0d22b.dir/']
  ignore line: [ /Users/ryanperkowski/.platformio/packages/toolchain-xtensa-esp-elf/bin/../libexec/gcc/xtensa-esp-elf/13.2.0/cc1plus -quiet -v -imultilib esp32s3 -iprefix /Users/ryanperkowski/.platformio/packages/toolchain-xtensa-esp-elf/bin/../lib/gcc/xtensa-esp-elf/13.2.0/ -isysroot /Users/ryanperkowski/.platformio/packages/toolchain-xtensa-esp-elf/bin/../xtensa-esp-elf /Users/ryanperkowski/.platformio/packages/tool-cmake/share/cmake-3.16/Modules/CMakeCXXCompilerABI.cpp -quiet -dumpdir CMakeFiles/cmTC_0d22b.dir/ -dumpbase CMakeCXXCompilerABI.cpp.cpp -dumpbase-ext .cpp -mdynconfig=xtensa_esp32s3.so -mlongcalls -version -fno-builtin-memcpy -fno-builtin-memset -fno-builtin-bzero -fno-builtin-stpcpy -fno-builtin-strncpy -o /var/folders/wn/nbx45m_57lx8rd3k7hj7jj040000gn/T//ccX2nWUj.s]
  ignore line: [GNU C++17 (crosstool-NG esp-13.2.0_20240530) version 13.2.0 (xtensa-esp-elf)]
  ignore line: [	compiled by GNU C version Apple LLVM 13.0.0 (clang-1300.0.27.3)  GMP version 6.2.1  MPFR version 4.2.1  MPC version 1.2.1  isl version isl-0.26-GMP]
  ignore line: []
  ignore line: [GGC heuristics: --param ggc-min-expand=100 --param ggc-min-heapsize=131072]
  ignore line: [ignoring duplicate directory "/Users/ryanperkowski/.platformio/packages/toolchain-xtensa-esp-elf/bin/../lib/gcc/../../lib/gcc/xtensa-esp-elf/13.2.0/../../../../xtensa-esp-elf/include/c++/13.2.0"]
  ignore line: [ignoring duplicate directory "/Users/ryanperkowski/.platformio/packages/toolchain-xtensa-esp-elf/bin/../lib/gcc/../../lib/gcc/xtensa-esp-elf/13.2.0/../../../../xtensa-esp-elf/include/c++/13.2.0/xtensa-esp-elf/esp32s3"]
  ignore line: [ignoring duplicate directory "/Users/ryanperkowski/.platformio/packages/toolchain-xtensa-esp-elf/bin/../lib/gcc/../../lib/gcc/xtensa-esp-elf/13.2.0/../../../../xtensa-esp-elf/include/c++/13.2.0/backward"]
  ignore line: [ignoring duplicate directory "/Users/ryanperkowski/.platformio/packages/toolchain-xtensa-esp-elf/bin/../lib/gcc/../../lib/gcc/xtensa-esp-elf/13.2.0/include"]
  ignore line: [ignoring nonexistent directory "/Users/ryanperkowski/.platformio/packages/toolchain-xtensa-esp-elf/bin/../xtensa-esp-elf/Users/brnomac003/.gitlab-runner/builds/qR2TxTby/0/idf/crosstool-NG/builds/xtensa-esp-elf/xtensa-esp-elf/include"]
  ignore line: [ignoring duplicate directory "/Users/ryanperkowski/.platformio/packages/toolchain-xtensa-esp-elf/bin/../lib/gcc/../../lib/gcc/xtensa-esp-elf/13.2.0/include-fixed"]
  ignore line: [ignoring duplicate directory "/Users/ryanperkowski/.platformio/packages/toolchain-xtensa-esp-elf/bin/../lib/gcc/../../lib/gcc/xtensa-esp-elf/13.2.0/../../../../xtensa-esp-elf/include"]
  ignore line: [ignoring duplicate directory "/Users/ryanperkowski/.platformio/packages/toolchain-xtensa-esp-elf/bin/../xtensa-esp-elf/include"]
  ignore line: [#include "..." search starts here:]
  ignore line: [#include <...> search starts here:]
  ignore line: [ /Users/ryanperkowski/.platformio/packages/toolchain-xtensa-esp-elf/bin/../lib/gcc/xtensa-esp-elf/13.2.0/../../../../xtensa-esp-elf/include/c++/13.2.0]
  ignore line: [ /Users/ryanperkowski/.platformio/packages/toolchain-xtensa-esp-elf/bin/../lib/gcc/xtensa-esp-elf/13.2.0/../../../../xtensa-esp-elf/include/c++/13.2.0/xtensa-esp-elf/esp32s3]
  ignore line: [ /Users/ryanperkowski/.platformio/packages/toolchain-xtensa-esp-elf/bin/../lib/gcc/xtensa-esp-elf/13.2.0/../../../../xtensa-esp-elf/include/c++/13.2.0/backward]
  ignore line: [ /Users/ryanperkowski/.platformio/packages/toolchain-xtensa-esp-elf/bin/../lib/gcc/xtensa-esp-elf/13.2.0/include]
  ignore line: [ /Users/ryanperkowski/.platformio/packages/toolchain-xtensa-esp-elf/bin/../lib/gcc/xtensa-esp-elf/13.2.0/include-fixed]
  ignore line: [ /Users/ryanperkowski/.platformio/packages/toolchain-xtensa-esp-elf/bin/../lib/gcc/xtensa-esp-elf/13.2.0/../../../../xtensa-esp-elf/include]
  ignore line: [End of search list.]
  ignore line: [Compiler executable checksum: f60983592ff8f2a0bf36f0d3e34fcff5]
  ignore line: [COLLECT_GCC_OPTIONS='-mdynconfig=xtensa_esp32s3.so' '-mlongcalls' '-fno-builtin-memcpy' '-fno-builtin-memset' '-fno-builtin-bzero' '-fno-builtin-stpcpy' '-fno-builtin-strncpy' '-v' '-o' 'CMakeFiles/cmTC_0d22b.dir/CMakeCXXCompilerABI.cpp.obj' '-c' '-dumpdir' 'CMakeFiles/cmTC_0d22b.dir/']
  ignore line: [ /Users/ryanperkowski/.platformio/packages/toolchain-xtensa-esp-elf/bin/../lib/gcc/xtensa-esp-elf/13.2.0/../../../../xtensa-esp-elf/bin/as --traditional-format --longcalls --dynconfig=xtensa_esp32s3.so -o CMakeFiles/cmTC_0d22b.dir/CMakeCXXCompilerABI.cpp.obj /var/folders/wn/nbx45m_57lx8rd3k7hj7jj040000gn/T//ccX2nWUj.s]
  ignore line: [COMPILER_PATH=/Users/ryanperkowski/.platformio/packages/toolchain-xtensa-esp-elf/bin/../libexec/gcc/xtensa-esp-elf/13.2.0/:/Users/ryanperkowski/.platformio/packages/toolchain-xtensa-esp-elf/bin/../libexec/gcc/:/Users/ryanperkowski/.platformio/packages/toolchain-xtensa-esp-elf/bin/../lib/gcc/xtensa-esp-elf/13.2.0/../../../../xtensa-esp-elf/bin/]
  ignore line: [LIBRARY_PATH=/Users/ryanperkowski/.platformio/packages/toolchain-xtensa-esp-elf/bin/../lib/gcc/xtensa-esp-elf/13.2.0/esp32s3/:/Users/ryanperkowski/.platformio/packages/toolchain-xtensa-esp-elf/bin/../lib/gcc/xtensa-esp-elf/13.2.0/../../../../xtensa-esp-elf/lib/esp32s3/:/Users/ryanperkowski/.platformio/packages/toolchain-xtensa-esp-elf/bin/../xtensa-esp-elf/lib/esp32s3/:/Users/ryanperkowski/.platformio/packages/toolchain-xtensa-esp-elf/bin/../lib/gcc/xtensa-esp-elf/13.2.0/:/Users/ryanperkowski/.platformio/packages/toolchain-xtensa-esp-elf/bin/../lib/gcc/:/Users/ryanperkowski/.platformio/packages/toolchain-xtensa-esp-elf/bin/../lib/gcc/xtensa-esp-elf/13.2.0/../../../../xtensa-esp-elf/lib/:/Users/ryanperkowski/.platformio/packages/toolchain-xtensa-esp-elf/bin/../xtensa-esp-elf/lib/]
  ignore line: [COLLECT_GCC_OPTIONS='-mdynconfig=xtensa_esp32s3.so' '-mlongcalls' '-fno-builtin-memcpy' '-fno-builtin-memset' '-fno-builtin-bzero' '-fno-builtin-stpcpy' '-fno-builtin-strncpy' '-v' '-o' 'CMakeFiles/cmTC_0d22b.dir/CMakeCXXCompilerABI.cpp.obj' '-c' '-dumpdir' 'CMakeFiles/cmTC_0d22b.dir/CMakeCXXCompilerABI.cpp.']
  ignore line: [[2/2] Linking CXX executable cmTC_0d22b]
  ignore line: [Using built-in specs.]
  ignore line: [COLLECT_GCC=/Users/ryanperkowski/.platformio/packages/toolchain-xtensa-esp-elf/bin/xtensa-esp-elf-g++]
  ignore line: [COLLECT_LTO_WRAPPER=/Users/ryanperkowski/.platformio/packages/toolchain-xtensa-esp-elf/bin/../libexec/gcc/xtensa-esp-elf/13.2.0/lto-wrapper]
  ignore line: [Target: xtensa-esp-elf]
  ignore line: [Configured with: /Users/brnomac003/.gitlab-runner/builds/qR2TxTby/0/idf/crosstool-NG/.build/xtensa-esp-elf/src/gcc/configure --build=aarch64-build_apple-darwin21.4.0 --host=aarch64-build_apple-darwin21.4.0 --target=xtensa-esp-elf --prefix=/Users/brnomac003/.gitlab-runner/builds/qR2TxTby/0/idf/crosstool-NG/builds/xtensa-esp-elf --exec_prefix=/Users/brnomac003/.gitlab-runner/builds/qR2TxTby/0/idf/crosstool-NG/builds/xtensa-esp-elf --with-local-prefix=/Users/brnomac003/.gitlab-runner/builds/qR2TxTby/0/idf/crosstool-NG/builds/xtensa-esp-elf/xtensa-esp-elf --with-sysroot=/Users/brnomac003/.gitlab-runner/builds/qR2TxTby/0/idf/crosstool-NG/builds/xtensa-esp-elf/xtensa-esp-elf --with-native-system-header-dir=/include --with-newlib --enable-threads=no --disable-shared --with-pkgversion='crosstool-NG esp-13.2.0_20240530' --disable-__cxa_atexit --enable-cxx-flags=-ffunction-sections --disable-libgomp --disable-libmudflap --disable-libmpx --disable-libssp --disable-libquadmath --disable-libquadmath-support --disable-libstdcxx-verbose --with-gmp=/Users/brnomac003/.gitlab-runner/builds/qR2TxTby/0/idf/crosstool-NG/.build/xtensa-esp-elf/buildtools --with-mpfr=/Users/brnomac003/.gitlab-runner/builds/qR2TxTby/0/idf/crosstool-NG/.build/xtensa-esp-elf/buildtools --with-mpc=/Users/brnomac003/.gitlab-runner/builds/qR2TxTby/0/idf/crosstool-NG/.build/xtensa-esp-elf/buildtools --with-isl=/Users/brnomac003/.gitlab-runner/builds/qR2TxTby/0/idf/crosstool-NG/.build/xtensa-esp-elf/buildtools --enable-lto --enable-target-optspace --without-long-double-128 --disable-nls --enable-multiarch --enable-languages=c c++ --disable-libstdcxx-verbose --enable-threads=posix --enable-gcov-custom-rtio --enable-libstdcxx-time=yes]
  ignore line: [Thread model: posix]
  ignore line: [Supported LTO compression algorithms: zlib zstd]
  ignore line: [gcc version 13.2.0 (crosstool-NG esp-13.2.0_20240530) ]
  ignore line: [COMPILER_PATH=/Users/ryanperkowski/.platformio/packages/toolchain-xtensa-esp-elf/bin/../libexec/gcc/xtensa-esp-elf/13.2.0/:/Users/ryanperkowski/.platformio/packages/toolchain-xtensa-esp-elf/bin/../libexec/gcc/:/Users/ryanperkowski/.platformio/packages/toolchain-xtensa-esp-elf/bin/../lib/gcc/xtensa-esp-elf/13.2.0/../../../../xtensa-esp-elf/bin/]
  ignore line: [LIBRARY_PATH=/Users/ryanperkowski/.platformio/packages/toolchain-xtensa-esp-elf/bin/../lib/gcc/xtensa-esp-elf/13.2.0/esp32s3/:/Users/ryanperkowski/.platformio/packages/toolchain-xtensa-esp-elf/bin/../lib/gcc/xtensa-esp-elf/13.2.0/../../../../xtensa-esp-elf/lib/esp32s3/:/Users/ryanperkowski/.platformio/packages/toolchain-xtensa-esp-elf/bin/../xtensa-esp-elf/lib/esp32s3/:/Users/ryanperkowski/.platformio/packages/toolchain-xtensa-esp-elf/bin/../lib/gcc/xtensa-esp-elf/13.2.0/:/Users/ryanperkowski/.platformio/packages/toolchain-xtensa-esp-elf/bin/../lib/gcc/:/Users/ryanperkowski/.platformio/packages/toolchain-xtensa-esp-elf/bin/../lib/gcc/xtensa-esp-elf/13.2.0/../../../../xtensa-esp-elf/lib/:/Users/ryanperkowski/.platformio/packages/toolchain-xtensa-esp-elf/bin/../xtensa-esp-elf/lib/]
  ignore line: [COLLECT_GCC_OPTIONS='-mdynconfig=xtensa_esp32s3.so' '-mlongcalls' '-fno-builtin-memcpy' '-fno-builtin-memset' '-fno-builtin-bzero' '-fno-builtin-stpcpy' '-fno-builtin-strncpy' '-v' '-o' 'cmTC_0d22b' '-dumpdir' 'cmTC_0d22b.']
  link line: [ /Users/ryanperkowski/.platformio/packages/toolchain-xtensa-esp-elf/bin/../libexec/gcc/xtensa-esp-elf/13.2.0/collect2 -plugin /Users/ryanperkowski/.platformio/packages/toolchain-xtensa-esp-elf/bin/../libexec/gcc/xtensa-esp-elf/13.2.0/liblto_plugin.so -plugin-opt=/Users/ryanperkowski/.platformio/packages/toolchain-xtensa-esp-elf/bin/../libexec/gcc/xtensa-esp-elf/13.2.0/lto-wrapper -plugin-opt=-fresolution=/var/folders/wn/nbx45m_57lx8rd3k7hj7jj040000gn/T//cc4H5R5o.res -plugin-opt=-pass-through=-lgcc -plugin-opt=-pass-through=-lc -plugin-opt=-pass-through=-lnosys -plugin-opt=-pass-through=-lc -plugin-opt=-pass-through=-lgcc --sysroot=/Users/ryanperkowski/.platformio/packages/toolchain-xtensa-esp-elf/bin/../xtensa-esp-elf --dynconfig=xtensa_esp32s3.so -o cmTC_0d22b /Users/ryanperkowski/.platformio/packages/toolchain-xtensa-esp-elf/bin/../lib/gcc/xtensa-esp-elf/13.2.0/../../../../xtensa-esp-elf/lib/esp32s3/crt0.o /Users/ryanperkowski/.platformio/packages/toolchain-xtensa-esp-elf/bin/../lib/gcc/xtensa-esp-elf/13.2.0/esp32s3/crti.o /Users/ryanperkowski/.platformio/packages/toolchain-xtensa-esp-elf/bin/../lib/gcc/xtensa-esp-elf/13.2.0/esp32s3/crtbegin.o -L/Users/ryanperkowski/.platformio/packages/toolchain-xtensa-esp-elf/bin/../lib/gcc/xtensa-esp-elf/13.2.0/esp32s3 -L/Users/ryanperkowski/.platformio/packages/toolchain-xtensa-esp-elf/bin/../lib/gcc/xtensa-esp-elf/13.2.0/../../../../xtensa-esp-elf/lib/esp32s3 -L/Users/ryanperkowski/.platformio/packages/toolchain-xtensa-esp-elf/bin/../xtensa-esp-elf/lib/esp32s3 -L/Users/ryanperkowski/.platformio/packages/toolchain-xtensa-esp-elf/bin/../lib/gcc/xtensa-esp-elf/13.2.0 -L/Users/ryanperkowski/.platformio/packages/toolchain-xtensa-esp-elf/bin/../lib/gcc -L/Users/ryanperkowski/.platformio/packages/toolchain-xtensa-esp-elf/bin/../lib/gcc/xtensa-esp-elf/13.2.0/../../../../xtensa-esp-elf/lib -L/Users/ryanperkowski/.platformio/packages/toolchain-xtensa-esp-elf/bin/../xtensa-esp-elf/lib CMakeFiles/cmTC_0d22b.dir/CMakeCXXCompilerABI.cpp.obj -lstdc++ -lm -lgcc -lc -lnosys -lc -lgcc /Users/ryanperkowski/.platformio/packages/toolchain-xtensa-esp-elf/bin/../lib/gcc/xtensa-esp-elf/13.2.0/esp32s3/crtend.o /Users/ryanperkowski/.platformio/packages/toolchain-xtensa-esp-elf/bin/../lib/gcc/xtensa-esp-elf/13.2.0/esp32s3/crtn.o]
    arg [/Users/ryanperkowski/.platformio/packages/toolchain-xtensa-esp-elf/bin/../libexec/gcc/xtensa-esp-elf/13.2.0/collect2] ==> ignore
    arg [-plugin] ==> ignore
    arg [/Users/ryanperkowski/.platformio/packages/toolchain-xtensa-esp-elf/bin/../libexec/gcc/xtensa-esp-elf/13.2.0/liblto_plugin.so] ==> ignore
    arg [-plugin-opt=/Users/ryanperkowski/.platformio/packages/toolchain-xtensa-esp-elf/bin/../libexec/gcc/xtensa-esp-elf/13.2.0/lto-wrapper] ==> ignore
    arg [-plugin-opt=-fresolution=/var/folders/wn/nbx45m_57lx8rd3k7hj7jj040000gn/T//cc4H5R5o.res] ==> ignore
    arg [-plugin-opt=-pass-through=-lgcc] ==> ignore
    arg [-plugin-opt=-pass-through=-lc] ==> ignore
    arg [-plugin-opt=-pass-through=-lnosys] ==> ignore
    arg [-plugin-opt=-pass-through=-lc] ==> ignore
    arg [-plugin-opt=-pass-through=-lgcc] ==> ignore
    arg [--sysroot=/Users/ryanperkowski/.platformio/packages/toolchain-xtensa-esp-elf/bin/../xtensa-esp-elf] ==> ignore
    arg [--dynconfig=xtensa_esp32s3.so] ==> ignore
    arg [-o] ==> ignore
    arg [cmTC_0d22b] ==> ignore
    arg [/Users/ryanperkowski/.platformio/packages/toolchain-xtensa-esp-elf/bin/../lib/gcc/xtensa-esp-elf/13.2.0/../../../../xtensa-esp-elf/lib/esp32s3/crt0.o] ==> ignore
    arg [/Users/ryanperkowski/.platformio/packages/toolchain-xtensa-esp-elf/bin/../lib/gcc/xtensa-esp-elf/13.2.0/esp32s3/crti.o] ==> ignore
    arg [/Users/ryanperkowski/.platformio/packages/toolchain-xtensa-esp-elf/bin/../lib/gcc/xtensa-esp-elf/13.2.0/esp32s3/crtbegin.o] ==> ignore
    arg [-L/Users/ryanperkowski/.platformio/packages/toolchain-xtensa-esp-elf/bin/../lib/gcc/xtensa-esp-elf/13.2.0/esp32s3] ==> dir [/Users/ryanperkowski/.platformio/packages/toolchain-xtensa-esp-elf/bin/../lib/gcc/xtensa-esp-elf/13.2.0/esp32s3]
    arg [-L/Users/ryanperkowski/.platformio/packages/toolchain-xtensa-esp-elf/bin/../lib/gcc/xtensa-esp-elf/13.2.0/../../../../xtensa-esp-elf/lib/esp32s3] ==> dir [/Users/ryanperkowski/.platformio/packages/toolchain-xtensa-esp-elf/bin/../lib/gcc/xtensa-esp-elf/13.2.0/../../../../xtensa-esp-elf/lib/esp32s3]
    arg [-L/Users/ryanperkowski/.platformio/packages/toolchain-xtensa-esp-elf/bin/../xtensa-esp-elf/lib/esp32s3] ==> dir [/Users/ryanperkowski/.platformio/packages/toolchain-xtensa-esp-elf/bin/../xtensa-esp-elf/lib/esp32s3]
    arg [-L/Users/ryanperkowski/.platformio/packages/toolchain-xtensa-esp-elf/bin/../lib/gcc/xtensa-esp-elf/13.2.0] ==> dir [/Users/ryanperkowski/.platformio/packages/toolchain-xtensa-esp-elf/bin/../lib/gcc/xtensa-esp-elf/13.2.0]
    arg [-L/Users/ryanperkowski/.platformio/packages/toolchain-xtensa-esp-elf/bin/../lib/gcc] ==> dir [/Users/ryanperkowski/.platformio/packages/toolchain-xtensa-esp-elf/bin/../lib/gcc]
    arg [-L/Users/ryanperkowski/.platformio/packages/toolchain-xtensa-esp-elf/bin/../lib/gcc/xtensa-esp-elf/13.2.0/../../../../xtensa-esp-elf/lib] ==> dir [/Users/ryanperkowski/.platformio/packages/toolchain-xtensa-esp-elf/bin/../lib/gcc/xtensa-esp-elf/13.2.0/../../../../xtensa-esp-elf/lib]
    arg [-L/Users/ryanperkowski/.platformio/packages/toolchain-xtensa-esp-elf/bin/../xtensa-esp-elf/lib] ==> dir [/Users/ryanperkowski/.platformio/packages/toolchain-xtensa-esp-elf/bin/../xtensa-esp-elf/lib]
    arg [CMakeFiles/cmTC_0d22b.dir/CMakeCXXCompilerABI.cpp.obj] ==> ignore
    arg [-lstdc++] ==> lib [stdc++]
    arg [-lm] ==> lib [m]
    arg [-lgcc] ==> lib [gcc]
    arg [-lc] ==> lib [c]
    arg [-lnosys] ==> lib [nosys]
    arg [-lc] ==> lib [c]
    arg [-lgcc] ==> lib [gcc]
    arg [/Users/ryanperkowski/.platformio/packages/toolchain-xtensa-esp-elf/bin/../lib/gcc/xtensa-esp-elf/13.2.0/esp32s3/crtend.o] ==> ignore
    arg [/Users/ryanperkowski/.platformio/packages/toolchain-xtensa-esp-elf/bin/../lib/gcc/xtensa-esp-elf/13.2.0/esp32s3/crtn.o] ==> ignore
  collapse library dir [/Users/ryanperkowski/.platformio/packages/toolchain-xtensa-esp-elf/bin/../lib/gcc/xtensa-esp-elf/13.2.0/esp32s3] ==> [/Users/ryanperkowski/.platformio/packages/toolchain-xtensa-esp-elf/lib/gcc/xtensa-esp-elf/13.2.0/esp32s3]
  collapse library dir [/Users/ryanperkowski/.platformio/packages/toolchain-xtensa-esp-elf/bin/../lib/gcc/xtensa-esp-elf/13.2.0/../../../../xtensa-esp-elf/lib/esp32s3] ==> [/Users/ryanperkowski/.platformio/packages/toolchain-xtensa-esp-elf/xtensa-esp-elf/lib/esp32s3]
  collapse library dir [/Users/ryanperkowski/.platformio/packages/toolchain-xtensa-esp-elf/bin/../xtensa-esp-elf/lib/esp32s3] ==> [/Users/ryanperkowski/.platformio/packages/toolchain-xtensa-esp-elf/xtensa-esp-elf/lib/esp32s3]
  collapse library dir [/Users/ryanperkowski/.platformio/packages/toolchain-xtensa-esp-elf/bin/../lib/gcc/xtensa-esp-elf/13.2.0] ==> [/Users/ryanperkowski/.platformio/packages/toolchain-xtensa-esp-elf/lib/gcc/xtensa-esp-elf/13.2.0]
  collapse library dir [/Users/ryanperkowski/.platformio/packages/toolchain-xtensa-esp-elf/bin/../lib/gcc] ==> [/Users/ryanperkowski/.platformio/packages/toolchain-xtensa-esp-elf/lib/gcc]
  collapse library dir [/Users/ryanperkowski/.platformio/packages/toolchain-xtensa-esp-elf/bin/../lib/gcc/xtensa-esp-elf/13.2.0/../../../../xtensa-esp-elf/lib] ==> [/Users/ryanperkowski/.platformio/packages/toolchain-xtensa-esp-elf/xtensa-esp-elf/lib]
  collapse library dir [/Users/ryanperkowski/.platformio/packages/toolchain-xtensa-esp-elf/bin/../xtensa-esp-elf/lib] ==> [/Users/ryanperkowski/.platformio/packages/toolchain-xtensa-esp-elf/xtensa-esp-elf/lib]
  implicit libs: [stdc++;m;gcc;c;nosys;c;gcc]
  implicit dirs: [/Users/ryanperkowski/.platformio/packages/toolchain-xtensa-esp-elf/lib/gcc/xtensa-esp-elf/13.2.0/esp32s3;/Users/ryanperkowski/.platformio/packages/toolchain-xtensa-esp-elf/xtensa-esp-elf/lib/esp32s3;/Users/ryanperkowski/.platformio/packages/toolchain-xtensa-esp-elf/lib/gcc/xtensa-esp-elf/13.2.0;/Users/ryanperkowski/.platformio/packages/toolchain-xtensa-esp-elf/lib/gcc;/Users/ryanperkowski/.platformio/packages/toolchain-xtensa-esp-elf/xtensa-esp-elf/lib]
  implicit fwks: []


Determining if the include file pthread.h exists passed with the following output:
Change Dir: /Users/ryanperkowski/Documents/PlatformIO/Projects/HydroponicMonitor/.pio/build/esp32-s3-devkitm-1/CMakeFiles/CMakeTmp

Run Build Command(s):/Users/ryanperkowski/.platformio/packages/tool-ninja/ninja cmTC_bf83a && [1/2] Building C object CMakeFiles/cmTC_bf83a.dir/CheckIncludeFile.c.obj
[2/2] Linking C executable cmTC_bf83a



Performing C SOURCE FILE Test CMAKE_HAVE_LIBC_PTHREAD succeeded with the following output:
Change Dir: /Users/ryanperkowski/Documents/PlatformIO/Projects/HydroponicMonitor/.pio/build/esp32-s3-devkitm-1/CMakeFiles/CMakeTmp

Run Build Command(s):/Users/ryanperkowski/.platformio/packages/tool-ninja/ninja cmTC_262ce && [1/2] Building C object CMakeFiles/cmTC_262ce.dir/src.c.obj
[2/2] Linking C executable cmTC_262ce
/Users/ryanperkowski/.platformio/packages/toolchain-xtensa-esp-elf/bin/../lib/gcc/xtensa-esp-elf/13.2.0/../../../../xtensa-esp-elf/bin/ld: CMakeFiles/cmTC_262ce.dir/src.c.obj:(.literal+0x14): warning: pthread_exit is not implemented and will always fail
/Users/ryanperkowski/.platformio/packages/toolchain-xtensa-esp-elf/bin/../lib/gcc/xtensa-esp-elf/13.2.0/../../../../xtensa-esp-elf/bin/ld: CMakeFiles/cmTC_262ce.dir/src.c.obj:(.literal+0x8): warning: pthread_detach is not implemented and will always fail
/Users/ryanperkowski/.platformio/packages/toolchain-xtensa-esp-elf/bin/../lib/gcc/xtensa-esp-elf/13.2.0/../../../../xtensa-esp-elf/bin/ld: CMakeFiles/cmTC_262ce.dir/src.c.obj:(.literal+0xc): warning: pthread_join is not implemented and will always fail
/Users/ryanperkowski/.platformio/packages/toolchain-xtensa-esp-elf/bin/../lib/gcc/xtensa-esp-elf/13.2.0/../../../../xtensa-esp-elf/bin/ld: CMakeFiles/cmTC_262ce.dir/src.c.obj:(.literal+0x4): warning: pthread_create is not implemented and will always fail
/Users/ryanperkowski/.platformio/packages/toolchain-xtensa-esp-elf/bin/../lib/gcc/xtensa-esp-elf/13.2.0/../../../../xtensa-esp-elf/bin/ld: CMakeFiles/cmTC_262ce.dir/src.c.obj:(.literal+0x10): warning: pthread_atfork is not implemented and will always fail


Source file was:
#include <pthread.h>

void* test_func(void* data)
{
  return data;
}

int main(void)
{
  pthread_t thread;
  pthread_create(&thread, NULL, test_func, NULL);
  pthread_detach(thread);
  pthread_join(thread, NULL);
  pthread_atfork(NULL, NULL, NULL);
  pthread_exit(NULL);

  return 0;
}

Performing C SOURCE FILE Test C_COMPILER_SUPPORTS_WFORMAT_SIGNEDNESS succeeded with the following output:
Change Dir: /Users/ryanperkowski/Documents/PlatformIO/Projects/HydroponicMonitor/.pio/build/esp32-s3-devkitm-1/CMakeFiles/CMakeTmp

Run Build Command(s):/Users/ryanperkowski/.platformio/packages/tool-ninja/ninja cmTC_1d903 && [1/2] Building C object CMakeFiles/cmTC_1d903.dir/src.c.obj
[2/2] Linking C executable cmTC_1d903


Source file was:
int main(void) { return 0; }
